Archive member included because of file (symbol)

/Users/egnoske/CMD Projects/work/sniffer/CMSISv2p00_LPC11xx/Debug/libCMSISv2p00_LPC11xx.a(system_LPC11xx.o)
                              ./cr_startup_lpc11.o (SystemInit)
/Applications/lpcxpresso_4.2.4_267/lpcxpresso/Tools/bin/../lib/gcc/arm-none-eabi/4.6.2/../../../../arm-none-eabi/lib/armv6-m/libcr_c.a(__weak__main.o)
                              ./cr_startup_lpc11.o (__main)
/Applications/lpcxpresso_4.2.4_267/lpcxpresso/Tools/bin/../lib/gcc/arm-none-eabi/4.6.2/../../../../arm-none-eabi/lib/armv6-m/libcr_c.a(stdlib.o)
                              ./radio/radio.o (rand)
/Applications/lpcxpresso_4.2.4_267/lpcxpresso/Tools/bin/../lib/gcc/arm-none-eabi/4.6.2/../../../../arm-none-eabi/lib/armv6-m/libcr_c.a(memset.o)
                              ./main.o (memset)
/Applications/lpcxpresso_4.2.4_267/lpcxpresso/Tools/bin/../lib/gcc/arm-none-eabi/4.6.2/../../../../arm-none-eabi/lib/armv6-m/libcr_c.a(initio.o)
                              /Applications/lpcxpresso_4.2.4_267/lpcxpresso/Tools/bin/../lib/gcc/arm-none-eabi/4.6.2/../../../../arm-none-eabi/lib/armv6-m/libcr_c.a(stdlib.o) (_terminateio)
/Applications/lpcxpresso_4.2.4_267/lpcxpresso/Tools/bin/../lib/gcc/arm-none-eabi/4.6.2/../../../../arm-none-eabi/lib/armv6-m/libcr_c.a(raise.o)
                              /Applications/lpcxpresso_4.2.4_267/lpcxpresso/Tools/bin/../lib/gcc/arm-none-eabi/4.6.2/../../../../arm-none-eabi/lib/armv6-m/libcr_c.a(stdlib.o) (raise)
/Applications/lpcxpresso_4.2.4_267/lpcxpresso/Tools/bin/../lib/gcc/arm-none-eabi/4.6.2/../../../../arm-none-eabi/lib/armv6-m/libcr_c.a(setvbuf.o)
                              /Applications/lpcxpresso_4.2.4_267/lpcxpresso/Tools/bin/../lib/gcc/arm-none-eabi/4.6.2/../../../../arm-none-eabi/lib/armv6-m/libcr_c.a(initio.o) (setvbuf)
/Applications/lpcxpresso_4.2.4_267/lpcxpresso/Tools/bin/../lib/gcc/arm-none-eabi/4.6.2/../../../../arm-none-eabi/lib/armv6-m/libcr_c.a(stdio.o)
                              /Applications/lpcxpresso_4.2.4_267/lpcxpresso/Tools/bin/../lib/gcc/arm-none-eabi/4.6.2/../../../../arm-none-eabi/lib/armv6-m/libcr_c.a(initio.o) (__Ciob)
/Applications/lpcxpresso_4.2.4_267/lpcxpresso/Tools/bin/../lib/gcc/arm-none-eabi/4.6.2/../../../../arm-none-eabi/lib/armv6-m/libcr_c.a(__fillbuf.o)
                              /Applications/lpcxpresso_4.2.4_267/lpcxpresso/Tools/bin/../lib/gcc/arm-none-eabi/4.6.2/../../../../arm-none-eabi/lib/armv6-m/libcr_c.a(stdio.o) (__filbuf)
/Applications/lpcxpresso_4.2.4_267/lpcxpresso/Tools/bin/../lib/gcc/arm-none-eabi/4.6.2/../../../../arm-none-eabi/lib/armv6-m/libcr_c.a(_deferredlazyseek.o)
                              /Applications/lpcxpresso_4.2.4_267/lpcxpresso/Tools/bin/../lib/gcc/arm-none-eabi/4.6.2/../../../../arm-none-eabi/lib/armv6-m/libcr_c.a(__fillbuf.o) (_deferredlazyseek)
/Applications/lpcxpresso_4.2.4_267/lpcxpresso/Tools/bin/../lib/gcc/arm-none-eabi/4.6.2/../../../../arm-none-eabi/lib/armv6-m/libcr_c.a(_fdopen.o)
                              /Applications/lpcxpresso_4.2.4_267/lpcxpresso/Tools/bin/../lib/gcc/arm-none-eabi/4.6.2/../../../../arm-none-eabi/lib/armv6-m/libcr_c.a(initio.o) (_fdopen)
/Applications/lpcxpresso_4.2.4_267/lpcxpresso/Tools/bin/../lib/gcc/arm-none-eabi/4.6.2/../../../../arm-none-eabi/lib/armv6-m/libcr_c.a(_fflush.o)
                              /Applications/lpcxpresso_4.2.4_267/lpcxpresso/Tools/bin/../lib/gcc/arm-none-eabi/4.6.2/../../../../arm-none-eabi/lib/armv6-m/libcr_c.a(__fillbuf.o) (_fflush)
/Applications/lpcxpresso_4.2.4_267/lpcxpresso/Tools/bin/../lib/gcc/arm-none-eabi/4.6.2/../../../../arm-none-eabi/lib/armv6-m/libcr_c.a(_writebuf.o)
                              /Applications/lpcxpresso_4.2.4_267/lpcxpresso/Tools/bin/../lib/gcc/arm-none-eabi/4.6.2/../../../../arm-none-eabi/lib/armv6-m/libcr_c.a(_deferredlazyseek.o) (_Cwritebuf)
/Applications/lpcxpresso_4.2.4_267/lpcxpresso/Tools/bin/../lib/gcc/arm-none-eabi/4.6.2/../../../../arm-none-eabi/lib/armv6-m/libcr_c.a(alloc.o)
                              /Applications/lpcxpresso_4.2.4_267/lpcxpresso/Tools/bin/../lib/gcc/arm-none-eabi/4.6.2/../../../../arm-none-eabi/lib/armv6-m/libcr_c.a(initio.o) (_Csys_alloc)
/Applications/lpcxpresso_4.2.4_267/lpcxpresso/Tools/bin/../lib/gcc/arm-none-eabi/4.6.2/../../../../arm-none-eabi/lib/armv6-m/libcr_c.a(fclose.o)
                              /Applications/lpcxpresso_4.2.4_267/lpcxpresso/Tools/bin/../lib/gcc/arm-none-eabi/4.6.2/../../../../arm-none-eabi/lib/armv6-m/libcr_c.a(initio.o) (fclose)
/Applications/lpcxpresso_4.2.4_267/lpcxpresso/Tools/bin/../lib/gcc/arm-none-eabi/4.6.2/../../../../arm-none-eabi/lib/armv6-m/libcr_c.a(fflush.o)
                              /Applications/lpcxpresso_4.2.4_267/lpcxpresso/Tools/bin/../lib/gcc/arm-none-eabi/4.6.2/../../../../arm-none-eabi/lib/armv6-m/libcr_c.a(fclose.o) (fflush)
/Applications/lpcxpresso_4.2.4_267/lpcxpresso/Tools/bin/../lib/gcc/arm-none-eabi/4.6.2/../../../../arm-none-eabi/lib/armv6-m/libcr_c.a(fseek.o)
                              /Applications/lpcxpresso_4.2.4_267/lpcxpresso/Tools/bin/../lib/gcc/arm-none-eabi/4.6.2/../../../../arm-none-eabi/lib/armv6-m/libcr_c.a(_deferredlazyseek.o) (fseek)
/Applications/lpcxpresso_4.2.4_267/lpcxpresso/Tools/bin/../lib/gcc/arm-none-eabi/4.6.2/../../../../arm-none-eabi/lib/armv6-m/libcr_c.a(ftell.o)
                              /Applications/lpcxpresso_4.2.4_267/lpcxpresso/Tools/bin/../lib/gcc/arm-none-eabi/4.6.2/../../../../arm-none-eabi/lib/armv6-m/libcr_c.a(fseek.o) (ftell)
/Applications/lpcxpresso_4.2.4_267/lpcxpresso/Tools/bin/../lib/gcc/arm-none-eabi/4.6.2/../../../../arm-none-eabi/lib/armv6-m/libcr_c.a(remove.o)
                              /Applications/lpcxpresso_4.2.4_267/lpcxpresso/Tools/bin/../lib/gcc/arm-none-eabi/4.6.2/../../../../arm-none-eabi/lib/armv6-m/libcr_c.a(fclose.o) (remove)
/Applications/lpcxpresso_4.2.4_267/lpcxpresso/Tools/bin/../lib/gcc/arm-none-eabi/4.6.2/../../../../arm-none-eabi/lib/armv6-m/libcr_c.a(strlen.o)
                              /Applications/lpcxpresso_4.2.4_267/lpcxpresso/Tools/bin/../lib/gcc/arm-none-eabi/4.6.2/../../../../arm-none-eabi/lib/armv6-m/libcr_c.a(remove.o) (strlen)
/Applications/lpcxpresso_4.2.4_267/lpcxpresso/Tools/bin/../lib/gcc/arm-none-eabi/4.6.2/../../../../arm-none-eabi/lib/armv6-m/libcr_c.a(memcpy.o)
                              /Applications/lpcxpresso_4.2.4_267/lpcxpresso/Tools/bin/../lib/gcc/arm-none-eabi/4.6.2/../../../../arm-none-eabi/lib/armv6-m/libcr_c.a(alloc.o) (memcpy)
/Applications/lpcxpresso_4.2.4_267/lpcxpresso/Tools/bin/../lib/gcc/arm-none-eabi/4.6.2/../../../../arm-none-eabi/lib/armv6-m/libcr_c.a(__init_alloc.o)
                              /Applications/lpcxpresso_4.2.4_267/lpcxpresso/Tools/bin/../lib/gcc/arm-none-eabi/4.6.2/../../../../arm-none-eabi/lib/armv6-m/libcr_c.a(alloc.o) (__heaps)
/Applications/lpcxpresso_4.2.4_267/lpcxpresso/Tools/bin/../lib/gcc/arm-none-eabi/4.6.2/../../../../arm-none-eabi/lib/armv6-m/libcr_c.a(_do_fflush.o)
                              /Applications/lpcxpresso_4.2.4_267/lpcxpresso/Tools/bin/../lib/gcc/arm-none-eabi/4.6.2/../../../../arm-none-eabi/lib/armv6-m/libcr_c.a(fflush.o) (_do_fflush)
/Applications/lpcxpresso_4.2.4_267/lpcxpresso/Tools/bin/../lib/gcc/arm-none-eabi/4.6.2/../../../../arm-none-eabi/lib/armv6-m/libcr_c.a(errno.o)
                              /Applications/lpcxpresso_4.2.4_267/lpcxpresso/Tools/bin/../lib/gcc/arm-none-eabi/4.6.2/../../../../arm-none-eabi/lib/armv6-m/libcr_c.a(ftell.o) (errno)
/Applications/lpcxpresso_4.2.4_267/lpcxpresso/Tools/bin/../lib/gcc/arm-none-eabi/4.6.2/armv6-m/libcr_eabihelpers.a(division.o)
                              /Applications/lpcxpresso_4.2.4_267/lpcxpresso/Tools/bin/../lib/gcc/arm-none-eabi/4.6.2/../../../../arm-none-eabi/lib/armv6-m/libcr_c.a(stdlib.o) (__aeabi_idiv)
/Applications/lpcxpresso_4.2.4_267/lpcxpresso/Tools/bin/../lib/gcc/arm-none-eabi/4.6.2/armv6-m/libcr_eabihelpers.a(memcpy.o)
                              /Applications/lpcxpresso_4.2.4_267/lpcxpresso/Tools/bin/../lib/gcc/arm-none-eabi/4.6.2/../../../../arm-none-eabi/lib/armv6-m/libcr_c.a(memcpy.o) (__aeabi_memcpy)

Allocating common symbols
Common symbol       size              file

sniffBuff           0x400             ./main.o
trx_buf             0x81              ./main.o
_extra              0x4               /Applications/lpcxpresso_4.2.4_267/lpcxpresso/Tools/bin/../lib/gcc/arm-none-eabi/4.6.2/../../../../arm-none-eabi/lib/armv6-m/libcr_c.a(initio.o)
spi_spinlock        0x1               ./main.o
UARTBuffer          0x40              ./drivers/uart.o
_exitvector         0x84              /Applications/lpcxpresso_4.2.4_267/lpcxpresso/Tools/bin/../lib/gcc/arm-none-eabi/4.6.2/../../../../arm-none-eabi/lib/armv6-m/libcr_c.a(stdlib.o)
rx_mode             0x1               ./main.o
end                 0x1               ./main.o
rxdFlag             0x1               ./main.o
UARTStatus          0x4               ./drivers/uart.o
irq_status          0x1               ./drivers/gpio.o
_number_of_exit_functions
                    0x4               /Applications/lpcxpresso_4.2.4_267/lpcxpresso/Tools/bin/../lib/gcc/arm-none-eabi/4.6.2/../../../../arm-none-eabi/lib/armv6-m/libcr_c.a(stdlib.o)
__heaps             0x4               /Applications/lpcxpresso_4.2.4_267/lpcxpresso/Tools/bin/../lib/gcc/arm-none-eabi/4.6.2/../../../../arm-none-eabi/lib/armv6-m/libcr_c.a(__init_alloc.o)
__end_of_heap       0x4               /Applications/lpcxpresso_4.2.4_267/lpcxpresso/Tools/bin/../lib/gcc/arm-none-eabi/4.6.2/../../../../arm-none-eabi/lib/armv6-m/libcr_c.a(__init_alloc.o)
start               0x1               ./main.o
__Ciob              0x140             /Applications/lpcxpresso_4.2.4_267/lpcxpresso/Tools/bin/../lib/gcc/arm-none-eabi/4.6.2/../../../../arm-none-eabi/lib/armv6-m/libcr_c.a(stdio.o)

Discarded input sections

 .text          0x0000000000000000        0x0 ./cr_startup_lpc11.o
 .data          0x0000000000000000        0x0 ./cr_startup_lpc11.o
 .bss           0x0000000000000000        0x0 ./cr_startup_lpc11.o
 .text          0x0000000000000000        0x0 ./main.o
 .data          0x0000000000000000        0x0 ./main.o
 .bss           0x0000000000000000        0x0 ./main.o
 .rodata.LPC_GPIO
                0x0000000000000000       0x10 ./main.o
 .text          0x0000000000000000        0x0 ./radio/hal.o
 .data          0x0000000000000000        0x0 ./radio/hal.o
 .bss           0x0000000000000000        0x0 ./radio/hal.o
 .rodata.LPC_GPIO
                0x0000000000000000       0x10 ./radio/hal.o
 .text.hal_frame_read
                0x0000000000000000       0xc8 ./radio/hal.o
 .text.hal_frame_write
                0x0000000000000000       0x90 ./radio/hal.o
 .text          0x0000000000000000        0x0 ./radio/radio.o
 .data          0x0000000000000000        0x0 ./radio/radio.o
 .bss           0x0000000000000000        0x0 ./radio/radio.o
 .rodata.LPC_GPIO
                0x0000000000000000       0x10 ./radio/radio.o
 .bss.remote_node_address
                0x0000000000000000        0x2 ./radio/radio.o
 .bss.seq       0x0000000000000000        0x1 ./radio/radio.o
 .bss.panid     0x0000000000000000        0x2 ./radio/radio.o
 .bss.short_address
                0x0000000000000000        0x2 ./radio/radio.o
 .bss.rssi_val  0x0000000000000000        0x1 ./radio/radio.o
 .text.radio_get_part_num
                0x0000000000000000       0x28 ./radio/radio.o
 .text.radio_get_saved_rssi_value
                0x0000000000000000       0x20 ./radio/radio.o
 .text.radio_get_saved_lqi_value
                0x0000000000000000       0x14 ./radio/radio.o
 .text.radio_trx_end_event
                0x0000000000000000       0x74 ./radio/radio.o
 .text.radio_set_tx_power_level
                0x0000000000000000       0x30 ./radio/radio.o
 .text.radio_get_rssi_value
                0x0000000000000000       0x58 ./radio/radio.o
 .text.radio_set_clock_speed
                0x0000000000000000       0x60 ./radio/radio.o
 .text.radio_set_trx_state
                0x0000000000000000       0xe8 ./radio/radio.o
 .text.radio_reset_state_machine
                0x0000000000000000       0x30 ./radio/radio.o
 .text.radio_use_auto_tx_crc
                0x0000000000000000       0x14 ./radio/radio.o
 .text.radio_is_busy
                0x0000000000000000       0x48 ./radio/radio.o
 .text.radio_send_data
                0x0000000000000000       0x54 ./radio/radio.o
 .text.radio_set_device_role
                0x0000000000000000       0x14 ./radio/radio.o
 .text.radio_set_panid
                0x0000000000000000       0x54 ./radio/radio.o
 .text.radio_get_panid
                0x0000000000000000       0x58 ./radio/radio.o
 .text.radio_set_short_address
                0x0000000000000000       0x54 ./radio/radio.o
 .text.radio_get_short_address
                0x0000000000000000       0x58 ./radio/radio.o
 .text.radio_set_remote_address
                0x0000000000000000       0x20 ./radio/radio.o
 .text.radio_get_remote_address
                0x0000000000000000       0x14 ./radio/radio.o
 .text.radio_set_long_address
                0x0000000000000000       0x4c ./radio/radio.o
 .text.radio_random
                0x0000000000000000       0xac ./radio/radio.o
 .bss.radio_part_number.4515
                0x0000000000000000        0x1 ./radio/radio.o
 .text          0x0000000000000000        0x0 ./drivers/adc.o
 .data          0x0000000000000000        0x0 ./drivers/adc.o
 .bss           0x0000000000000000        0x0 ./drivers/adc.o
 .text          0x0000000000000000        0x0 ./drivers/clkconfig.o
 .data          0x0000000000000000        0x0 ./drivers/clkconfig.o
 .bss           0x0000000000000000        0x0 ./drivers/clkconfig.o
 .text          0x0000000000000000        0x0 ./drivers/gpio.o
 .data          0x0000000000000000        0x0 ./drivers/gpio.o
 .bss           0x0000000000000000        0x0 ./drivers/gpio.o
 .bss.gpio1_counter
                0x0000000000000000        0x4 ./drivers/gpio.o
 .bss.p1_1_counter
                0x0000000000000000        0x4 ./drivers/gpio.o
 .text.GPIOIntStatus
                0x0000000000000000       0xb4 ./drivers/gpio.o
 .text          0x0000000000000000        0x0 ./drivers/i2c.o
 .data          0x0000000000000000        0x0 ./drivers/i2c.o
 .bss           0x0000000000000000        0x0 ./drivers/i2c.o
 .text          0x0000000000000000        0x0 ./drivers/ssp.o
 .data          0x0000000000000000        0x0 ./drivers/ssp.o
 .bss           0x0000000000000000        0x0 ./drivers/ssp.o
 .rodata.LPC_GPIO
                0x0000000000000000       0x10 ./drivers/ssp.o
 .text.SSP_IOConfig
                0x0000000000000000      0x164 ./drivers/ssp.o
 .text.SSP_Send
                0x0000000000000000       0xc0 ./drivers/ssp.o
 .text.SSP_Receive
                0x0000000000000000       0x8c ./drivers/ssp.o
 .text          0x0000000000000000        0x0 ./drivers/timer16.o
 .data          0x0000000000000000        0x0 ./drivers/timer16.o
 .bss           0x0000000000000000        0x0 ./drivers/timer16.o
 .text.NVIC_EnableIRQ
                0x0000000000000000       0x2c ./drivers/timer16.o
 .bss.timer16_0_period
                0x0000000000000000        0x4 ./drivers/timer16.o
 .bss.timer16_1_period
                0x0000000000000000        0x4 ./drivers/timer16.o
 .text.delayMs  0x0000000000000000       0xc0 ./drivers/timer16.o
 .text.enable_timer16
                0x0000000000000000       0x30 ./drivers/timer16.o
 .text.disable_timer16
                0x0000000000000000       0x30 ./drivers/timer16.o
 .text.reset_timer16
                0x0000000000000000       0x4c ./drivers/timer16.o
 .text.init_timer16
                0x0000000000000000      0x130 ./drivers/timer16.o
 .text.init_timer16PWM
                0x0000000000000000      0x218 ./drivers/timer16.o
 .text.setMatch_timer16PWM
                0x0000000000000000       0xa4 ./drivers/timer16.o
 .text          0x0000000000000000        0x0 ./drivers/uart.o
 .data          0x0000000000000000        0x0 ./drivers/uart.o
 .bss           0x0000000000000000        0x0 ./drivers/uart.o
 .text.ModemInit
                0x0000000000000000       0xd8 ./drivers/uart.o
 .text.UARTSend
                0x0000000000000000       0x40 ./drivers/uart.o
 .text          0x0000000000000000        0x0 ./drivers/wdt.o
 .data          0x0000000000000000        0x0 ./drivers/wdt.o
 .bss           0x0000000000000000        0x0 ./drivers/wdt.o
 .text          0x0000000000000000        0x0 /Users/egnoske/CMD Projects/work/sniffer/CMSISv2p00_LPC11xx/Debug/libCMSISv2p00_LPC11xx.a(system_LPC11xx.o)
 .data          0x0000000000000000        0x0 /Users/egnoske/CMD Projects/work/sniffer/CMSISv2p00_LPC11xx/Debug/libCMSISv2p00_LPC11xx.a(system_LPC11xx.o)
 .bss           0x0000000000000000        0x0 /Users/egnoske/CMD Projects/work/sniffer/CMSISv2p00_LPC11xx/Debug/libCMSISv2p00_LPC11xx.a(system_LPC11xx.o)
 .text.SystemCoreClockUpdate
                0x0000000000000000       0x9c /Users/egnoske/CMD Projects/work/sniffer/CMSISv2p00_LPC11xx/Debug/libCMSISv2p00_LPC11xx.a(system_LPC11xx.o)
 .rodata.CSWTCH.6
                0x0000000000000000       0x40 /Users/egnoske/CMD Projects/work/sniffer/CMSISv2p00_LPC11xx/Debug/libCMSISv2p00_LPC11xx.a(system_LPC11xx.o)
 .text          0x0000000000000000        0x0 /Applications/lpcxpresso_4.2.4_267/lpcxpresso/Tools/bin/../lib/gcc/arm-none-eabi/4.6.2/../../../../arm-none-eabi/lib/armv6-m/libcr_c.a(__weak__main.o)
 .data          0x0000000000000000        0x0 /Applications/lpcxpresso_4.2.4_267/lpcxpresso/Tools/bin/../lib/gcc/arm-none-eabi/4.6.2/../../../../arm-none-eabi/lib/armv6-m/libcr_c.a(__weak__main.o)
 .bss           0x0000000000000000        0x0 /Applications/lpcxpresso_4.2.4_267/lpcxpresso/Tools/bin/../lib/gcc/arm-none-eabi/4.6.2/../../../../arm-none-eabi/lib/armv6-m/libcr_c.a(__weak__main.o)
 .text          0x0000000000000000        0x0 /Applications/lpcxpresso_4.2.4_267/lpcxpresso/Tools/bin/../lib/gcc/arm-none-eabi/4.6.2/../../../../arm-none-eabi/lib/armv6-m/libcr_c.a(stdlib.o)
 .data          0x0000000000000000        0x0 /Applications/lpcxpresso_4.2.4_267/lpcxpresso/Tools/bin/../lib/gcc/arm-none-eabi/4.6.2/../../../../arm-none-eabi/lib/armv6-m/libcr_c.a(stdlib.o)
 .bss           0x0000000000000000        0x0 /Applications/lpcxpresso_4.2.4_267/lpcxpresso/Tools/bin/../lib/gcc/arm-none-eabi/4.6.2/../../../../arm-none-eabi/lib/armv6-m/libcr_c.a(stdlib.o)
 .text.__rand   0x0000000000000000       0x20 /Applications/lpcxpresso_4.2.4_267/lpcxpresso/Tools/bin/../lib/gcc/arm-none-eabi/4.6.2/../../../../arm-none-eabi/lib/armv6-m/libcr_c.a(stdlib.o)
 .text.__srand  0x0000000000000000        0xc /Applications/lpcxpresso_4.2.4_267/lpcxpresso/Tools/bin/../lib/gcc/arm-none-eabi/4.6.2/../../../../arm-none-eabi/lib/armv6-m/libcr_c.a(stdlib.o)
 .text.rand     0x0000000000000000       0x40 /Applications/lpcxpresso_4.2.4_267/lpcxpresso/Tools/bin/../lib/gcc/arm-none-eabi/4.6.2/../../../../arm-none-eabi/lib/armv6-m/libcr_c.a(stdlib.o)
 .text.srand    0x0000000000000000       0x3c /Applications/lpcxpresso_4.2.4_267/lpcxpresso/Tools/bin/../lib/gcc/arm-none-eabi/4.6.2/../../../../arm-none-eabi/lib/armv6-m/libcr_c.a(stdlib.o)
 .text._exit_init
                0x0000000000000000        0xc /Applications/lpcxpresso_4.2.4_267/lpcxpresso/Tools/bin/../lib/gcc/arm-none-eabi/4.6.2/../../../../arm-none-eabi/lib/armv6-m/libcr_c.a(stdlib.o)
 .text.atexit   0x0000000000000000       0x24 /Applications/lpcxpresso_4.2.4_267/lpcxpresso/Tools/bin/../lib/gcc/arm-none-eabi/4.6.2/../../../../arm-none-eabi/lib/armv6-m/libcr_c.a(stdlib.o)
 .text.exit     0x0000000000000000       0x2c /Applications/lpcxpresso_4.2.4_267/lpcxpresso/Tools/bin/../lib/gcc/arm-none-eabi/4.6.2/../../../../arm-none-eabi/lib/armv6-m/libcr_c.a(stdlib.o)
 .text.abort    0x0000000000000000       0x10 /Applications/lpcxpresso_4.2.4_267/lpcxpresso/Tools/bin/../lib/gcc/arm-none-eabi/4.6.2/../../../../arm-none-eabi/lib/armv6-m/libcr_c.a(stdlib.o)
 .text.abs      0x0000000000000000        0x8 /Applications/lpcxpresso_4.2.4_267/lpcxpresso/Tools/bin/../lib/gcc/arm-none-eabi/4.6.2/../../../../arm-none-eabi/lib/armv6-m/libcr_c.a(stdlib.o)
 .text.labs     0x0000000000000000        0x8 /Applications/lpcxpresso_4.2.4_267/lpcxpresso/Tools/bin/../lib/gcc/arm-none-eabi/4.6.2/../../../../arm-none-eabi/lib/armv6-m/libcr_c.a(stdlib.o)
 .text.div      0x0000000000000000       0x20 /Applications/lpcxpresso_4.2.4_267/lpcxpresso/Tools/bin/../lib/gcc/arm-none-eabi/4.6.2/../../../../arm-none-eabi/lib/armv6-m/libcr_c.a(stdlib.o)
 .text.ldiv     0x0000000000000000       0x20 /Applications/lpcxpresso_4.2.4_267/lpcxpresso/Tools/bin/../lib/gcc/arm-none-eabi/4.6.2/../../../../arm-none-eabi/lib/armv6-m/libcr_c.a(stdlib.o)
 .data.next     0x0000000000000000        0x4 /Applications/lpcxpresso_4.2.4_267/lpcxpresso/Tools/bin/../lib/gcc/arm-none-eabi/4.6.2/../../../../arm-none-eabi/lib/armv6-m/libcr_c.a(stdlib.o)
 .data._random_number_seed
                0x0000000000000000       0xdc /Applications/lpcxpresso_4.2.4_267/lpcxpresso/Tools/bin/../lib/gcc/arm-none-eabi/4.6.2/../../../../arm-none-eabi/lib/armv6-m/libcr_c.a(stdlib.o)
 .data._random_j
                0x0000000000000000        0x4 /Applications/lpcxpresso_4.2.4_267/lpcxpresso/Tools/bin/../lib/gcc/arm-none-eabi/4.6.2/../../../../arm-none-eabi/lib/armv6-m/libcr_c.a(stdlib.o)
 .data._random_k
                0x0000000000000000        0x4 /Applications/lpcxpresso_4.2.4_267/lpcxpresso/Tools/bin/../lib/gcc/arm-none-eabi/4.6.2/../../../../arm-none-eabi/lib/armv6-m/libcr_c.a(stdlib.o)
 COMMON         0x0000000000000000       0x88 /Applications/lpcxpresso_4.2.4_267/lpcxpresso/Tools/bin/../lib/gcc/arm-none-eabi/4.6.2/../../../../arm-none-eabi/lib/armv6-m/libcr_c.a(stdlib.o)
 .text          0x0000000000000000        0x0 /Applications/lpcxpresso_4.2.4_267/lpcxpresso/Tools/bin/../lib/gcc/arm-none-eabi/4.6.2/../../../../arm-none-eabi/lib/armv6-m/libcr_c.a(memset.o)
 .data          0x0000000000000000        0x0 /Applications/lpcxpresso_4.2.4_267/lpcxpresso/Tools/bin/../lib/gcc/arm-none-eabi/4.6.2/../../../../arm-none-eabi/lib/armv6-m/libcr_c.a(memset.o)
 .bss           0x0000000000000000        0x0 /Applications/lpcxpresso_4.2.4_267/lpcxpresso/Tools/bin/../lib/gcc/arm-none-eabi/4.6.2/../../../../arm-none-eabi/lib/armv6-m/libcr_c.a(memset.o)
 .text          0x0000000000000000        0x0 /Applications/lpcxpresso_4.2.4_267/lpcxpresso/Tools/bin/../lib/gcc/arm-none-eabi/4.6.2/../../../../arm-none-eabi/lib/armv6-m/libcr_c.a(initio.o)
 .data          0x0000000000000000        0x0 /Applications/lpcxpresso_4.2.4_267/lpcxpresso/Tools/bin/../lib/gcc/arm-none-eabi/4.6.2/../../../../arm-none-eabi/lib/armv6-m/libcr_c.a(initio.o)
 .bss           0x0000000000000000        0x0 /Applications/lpcxpresso_4.2.4_267/lpcxpresso/Tools/bin/../lib/gcc/arm-none-eabi/4.6.2/../../../../arm-none-eabi/lib/armv6-m/libcr_c.a(initio.o)
 .text._initio  0x0000000000000000       0xa4 /Applications/lpcxpresso_4.2.4_267/lpcxpresso/Tools/bin/../lib/gcc/arm-none-eabi/4.6.2/../../../../arm-none-eabi/lib/armv6-m/libcr_c.a(initio.o)
 .text._terminateio
                0x0000000000000000       0x44 /Applications/lpcxpresso_4.2.4_267/lpcxpresso/Tools/bin/../lib/gcc/arm-none-eabi/4.6.2/../../../../arm-none-eabi/lib/armv6-m/libcr_c.a(initio.o)
 .rodata.str1.1
                0x0000000000000000        0x4 /Applications/lpcxpresso_4.2.4_267/lpcxpresso/Tools/bin/../lib/gcc/arm-none-eabi/4.6.2/../../../../arm-none-eabi/lib/armv6-m/libcr_c.a(initio.o)
 COMMON         0x0000000000000000        0x4 /Applications/lpcxpresso_4.2.4_267/lpcxpresso/Tools/bin/../lib/gcc/arm-none-eabi/4.6.2/../../../../arm-none-eabi/lib/armv6-m/libcr_c.a(initio.o)
 .text          0x0000000000000000        0x0 /Applications/lpcxpresso_4.2.4_267/lpcxpresso/Tools/bin/../lib/gcc/arm-none-eabi/4.6.2/../../../../arm-none-eabi/lib/armv6-m/libcr_c.a(raise.o)
 .data          0x0000000000000000        0x0 /Applications/lpcxpresso_4.2.4_267/lpcxpresso/Tools/bin/../lib/gcc/arm-none-eabi/4.6.2/../../../../arm-none-eabi/lib/armv6-m/libcr_c.a(raise.o)
 .bss           0x0000000000000000        0x0 /Applications/lpcxpresso_4.2.4_267/lpcxpresso/Tools/bin/../lib/gcc/arm-none-eabi/4.6.2/../../../../arm-none-eabi/lib/armv6-m/libcr_c.a(raise.o)
 .text.raise    0x0000000000000000        0x6 /Applications/lpcxpresso_4.2.4_267/lpcxpresso/Tools/bin/../lib/gcc/arm-none-eabi/4.6.2/../../../../arm-none-eabi/lib/armv6-m/libcr_c.a(raise.o)
 .text          0x0000000000000000        0x0 /Applications/lpcxpresso_4.2.4_267/lpcxpresso/Tools/bin/../lib/gcc/arm-none-eabi/4.6.2/../../../../arm-none-eabi/lib/armv6-m/libcr_c.a(setvbuf.o)
 .data          0x0000000000000000        0x0 /Applications/lpcxpresso_4.2.4_267/lpcxpresso/Tools/bin/../lib/gcc/arm-none-eabi/4.6.2/../../../../arm-none-eabi/lib/armv6-m/libcr_c.a(setvbuf.o)
 .bss           0x0000000000000000        0x0 /Applications/lpcxpresso_4.2.4_267/lpcxpresso/Tools/bin/../lib/gcc/arm-none-eabi/4.6.2/../../../../arm-none-eabi/lib/armv6-m/libcr_c.a(setvbuf.o)
 .text.setvbuf  0x0000000000000000       0x48 /Applications/lpcxpresso_4.2.4_267/lpcxpresso/Tools/bin/../lib/gcc/arm-none-eabi/4.6.2/../../../../arm-none-eabi/lib/armv6-m/libcr_c.a(setvbuf.o)
 .text          0x0000000000000000        0x0 /Applications/lpcxpresso_4.2.4_267/lpcxpresso/Tools/bin/../lib/gcc/arm-none-eabi/4.6.2/../../../../arm-none-eabi/lib/armv6-m/libcr_c.a(stdio.o)
 .data          0x0000000000000000        0x0 /Applications/lpcxpresso_4.2.4_267/lpcxpresso/Tools/bin/../lib/gcc/arm-none-eabi/4.6.2/../../../../arm-none-eabi/lib/armv6-m/libcr_c.a(stdio.o)
 .bss           0x0000000000000000        0x0 /Applications/lpcxpresso_4.2.4_267/lpcxpresso/Tools/bin/../lib/gcc/arm-none-eabi/4.6.2/../../../../arm-none-eabi/lib/armv6-m/libcr_c.a(stdio.o)
 .text.fgetc    0x0000000000000000       0x1e /Applications/lpcxpresso_4.2.4_267/lpcxpresso/Tools/bin/../lib/gcc/arm-none-eabi/4.6.2/../../../../arm-none-eabi/lib/armv6-m/libcr_c.a(stdio.o)
 .text.fputc    0x0000000000000000       0x1e /Applications/lpcxpresso_4.2.4_267/lpcxpresso/Tools/bin/../lib/gcc/arm-none-eabi/4.6.2/../../../../arm-none-eabi/lib/armv6-m/libcr_c.a(stdio.o)
 .text.getc     0x0000000000000000       0x1e /Applications/lpcxpresso_4.2.4_267/lpcxpresso/Tools/bin/../lib/gcc/arm-none-eabi/4.6.2/../../../../arm-none-eabi/lib/armv6-m/libcr_c.a(stdio.o)
 .text.getchar  0x0000000000000000       0x24 /Applications/lpcxpresso_4.2.4_267/lpcxpresso/Tools/bin/../lib/gcc/arm-none-eabi/4.6.2/../../../../arm-none-eabi/lib/armv6-m/libcr_c.a(stdio.o)
 .text.putc     0x0000000000000000       0x1e /Applications/lpcxpresso_4.2.4_267/lpcxpresso/Tools/bin/../lib/gcc/arm-none-eabi/4.6.2/../../../../arm-none-eabi/lib/armv6-m/libcr_c.a(stdio.o)
 .text.putchar  0x0000000000000000       0x28 /Applications/lpcxpresso_4.2.4_267/lpcxpresso/Tools/bin/../lib/gcc/arm-none-eabi/4.6.2/../../../../arm-none-eabi/lib/armv6-m/libcr_c.a(stdio.o)
 .text.feof     0x0000000000000000        0x8 /Applications/lpcxpresso_4.2.4_267/lpcxpresso/Tools/bin/../lib/gcc/arm-none-eabi/4.6.2/../../../../arm-none-eabi/lib/armv6-m/libcr_c.a(stdio.o)
 .text.ferror   0x0000000000000000        0x8 /Applications/lpcxpresso_4.2.4_267/lpcxpresso/Tools/bin/../lib/gcc/arm-none-eabi/4.6.2/../../../../arm-none-eabi/lib/armv6-m/libcr_c.a(stdio.o)
 .text.clearerr
                0x0000000000000000       0x10 /Applications/lpcxpresso_4.2.4_267/lpcxpresso/Tools/bin/../lib/gcc/arm-none-eabi/4.6.2/../../../../arm-none-eabi/lib/armv6-m/libcr_c.a(stdio.o)
 COMMON         0x0000000000000000      0x140 /Applications/lpcxpresso_4.2.4_267/lpcxpresso/Tools/bin/../lib/gcc/arm-none-eabi/4.6.2/../../../../arm-none-eabi/lib/armv6-m/libcr_c.a(stdio.o)
 .text          0x0000000000000000        0x0 /Applications/lpcxpresso_4.2.4_267/lpcxpresso/Tools/bin/../lib/gcc/arm-none-eabi/4.6.2/../../../../arm-none-eabi/lib/armv6-m/libcr_c.a(__fillbuf.o)
 .data          0x0000000000000000        0x0 /Applications/lpcxpresso_4.2.4_267/lpcxpresso/Tools/bin/../lib/gcc/arm-none-eabi/4.6.2/../../../../arm-none-eabi/lib/armv6-m/libcr_c.a(__fillbuf.o)
 .bss           0x0000000000000000        0x0 /Applications/lpcxpresso_4.2.4_267/lpcxpresso/Tools/bin/../lib/gcc/arm-none-eabi/4.6.2/../../../../arm-none-eabi/lib/armv6-m/libcr_c.a(__fillbuf.o)
 .text._Csys_read_
                0x0000000000000000       0x22 /Applications/lpcxpresso_4.2.4_267/lpcxpresso/Tools/bin/../lib/gcc/arm-none-eabi/4.6.2/../../../../arm-none-eabi/lib/armv6-m/libcr_c.a(__fillbuf.o)
 .text.__filbuf
                0x0000000000000000      0x18c /Applications/lpcxpresso_4.2.4_267/lpcxpresso/Tools/bin/../lib/gcc/arm-none-eabi/4.6.2/../../../../arm-none-eabi/lib/armv6-m/libcr_c.a(__fillbuf.o)
 .text._fillb2  0x0000000000000000       0x1c /Applications/lpcxpresso_4.2.4_267/lpcxpresso/Tools/bin/../lib/gcc/arm-none-eabi/4.6.2/../../../../arm-none-eabi/lib/armv6-m/libcr_c.a(__fillbuf.o)
 .text          0x0000000000000000        0x0 /Applications/lpcxpresso_4.2.4_267/lpcxpresso/Tools/bin/../lib/gcc/arm-none-eabi/4.6.2/../../../../arm-none-eabi/lib/armv6-m/libcr_c.a(_deferredlazyseek.o)
 .data          0x0000000000000000        0x0 /Applications/lpcxpresso_4.2.4_267/lpcxpresso/Tools/bin/../lib/gcc/arm-none-eabi/4.6.2/../../../../arm-none-eabi/lib/armv6-m/libcr_c.a(_deferredlazyseek.o)
 .bss           0x0000000000000000        0x0 /Applications/lpcxpresso_4.2.4_267/lpcxpresso/Tools/bin/../lib/gcc/arm-none-eabi/4.6.2/../../../../arm-none-eabi/lib/armv6-m/libcr_c.a(_deferredlazyseek.o)
 .text._deferredlazyseek
                0x0000000000000000       0x44 /Applications/lpcxpresso_4.2.4_267/lpcxpresso/Tools/bin/../lib/gcc/arm-none-eabi/4.6.2/../../../../arm-none-eabi/lib/armv6-m/libcr_c.a(_deferredlazyseek.o)
 .text.__flsbuf
                0x0000000000000000      0x158 /Applications/lpcxpresso_4.2.4_267/lpcxpresso/Tools/bin/../lib/gcc/arm-none-eabi/4.6.2/../../../../arm-none-eabi/lib/armv6-m/libcr_c.a(_deferredlazyseek.o)
 .text          0x0000000000000000        0x0 /Applications/lpcxpresso_4.2.4_267/lpcxpresso/Tools/bin/../lib/gcc/arm-none-eabi/4.6.2/../../../../arm-none-eabi/lib/armv6-m/libcr_c.a(_fdopen.o)
 .data          0x0000000000000000        0x0 /Applications/lpcxpresso_4.2.4_267/lpcxpresso/Tools/bin/../lib/gcc/arm-none-eabi/4.6.2/../../../../arm-none-eabi/lib/armv6-m/libcr_c.a(_fdopen.o)
 .bss           0x0000000000000000        0x0 /Applications/lpcxpresso_4.2.4_267/lpcxpresso/Tools/bin/../lib/gcc/arm-none-eabi/4.6.2/../../../../arm-none-eabi/lib/armv6-m/libcr_c.a(_fdopen.o)
 .text._fdopen  0x0000000000000000       0x6c /Applications/lpcxpresso_4.2.4_267/lpcxpresso/Tools/bin/../lib/gcc/arm-none-eabi/4.6.2/../../../../arm-none-eabi/lib/armv6-m/libcr_c.a(_fdopen.o)
 .text          0x0000000000000000        0x0 /Applications/lpcxpresso_4.2.4_267/lpcxpresso/Tools/bin/../lib/gcc/arm-none-eabi/4.6.2/../../../../arm-none-eabi/lib/armv6-m/libcr_c.a(_fflush.o)
 .data          0x0000000000000000        0x0 /Applications/lpcxpresso_4.2.4_267/lpcxpresso/Tools/bin/../lib/gcc/arm-none-eabi/4.6.2/../../../../arm-none-eabi/lib/armv6-m/libcr_c.a(_fflush.o)
 .bss           0x0000000000000000        0x0 /Applications/lpcxpresso_4.2.4_267/lpcxpresso/Tools/bin/../lib/gcc/arm-none-eabi/4.6.2/../../../../arm-none-eabi/lib/armv6-m/libcr_c.a(_fflush.o)
 .text._fflush  0x0000000000000000       0x60 /Applications/lpcxpresso_4.2.4_267/lpcxpresso/Tools/bin/../lib/gcc/arm-none-eabi/4.6.2/../../../../arm-none-eabi/lib/armv6-m/libcr_c.a(_fflush.o)
 .text          0x0000000000000000        0x0 /Applications/lpcxpresso_4.2.4_267/lpcxpresso/Tools/bin/../lib/gcc/arm-none-eabi/4.6.2/../../../../arm-none-eabi/lib/armv6-m/libcr_c.a(_writebuf.o)
 .data          0x0000000000000000        0x0 /Applications/lpcxpresso_4.2.4_267/lpcxpresso/Tools/bin/../lib/gcc/arm-none-eabi/4.6.2/../../../../arm-none-eabi/lib/armv6-m/libcr_c.a(_writebuf.o)
 .bss           0x0000000000000000        0x0 /Applications/lpcxpresso_4.2.4_267/lpcxpresso/Tools/bin/../lib/gcc/arm-none-eabi/4.6.2/../../../../arm-none-eabi/lib/armv6-m/libcr_c.a(_writebuf.o)
 .text._Cwritebuf
                0x0000000000000000       0x6c /Applications/lpcxpresso_4.2.4_267/lpcxpresso/Tools/bin/../lib/gcc/arm-none-eabi/4.6.2/../../../../arm-none-eabi/lib/armv6-m/libcr_c.a(_writebuf.o)
 .text          0x0000000000000000        0x0 /Applications/lpcxpresso_4.2.4_267/lpcxpresso/Tools/bin/../lib/gcc/arm-none-eabi/4.6.2/../../../../arm-none-eabi/lib/armv6-m/libcr_c.a(alloc.o)
 .data          0x0000000000000000        0x0 /Applications/lpcxpresso_4.2.4_267/lpcxpresso/Tools/bin/../lib/gcc/arm-none-eabi/4.6.2/../../../../arm-none-eabi/lib/armv6-m/libcr_c.a(alloc.o)
 .bss           0x0000000000000000        0x0 /Applications/lpcxpresso_4.2.4_267/lpcxpresso/Tools/bin/../lib/gcc/arm-none-eabi/4.6.2/../../../../arm-none-eabi/lib/armv6-m/libcr_c.a(alloc.o)
 .text.malloc   0x0000000000000000       0xbc /Applications/lpcxpresso_4.2.4_267/lpcxpresso/Tools/bin/../lib/gcc/arm-none-eabi/4.6.2/../../../../arm-none-eabi/lib/armv6-m/libcr_c.a(alloc.o)
 .text.free     0x0000000000000000        0xa /Applications/lpcxpresso_4.2.4_267/lpcxpresso/Tools/bin/../lib/gcc/arm-none-eabi/4.6.2/../../../../arm-none-eabi/lib/armv6-m/libcr_c.a(alloc.o)
 .text.calloc   0x0000000000000000       0x5c /Applications/lpcxpresso_4.2.4_267/lpcxpresso/Tools/bin/../lib/gcc/arm-none-eabi/4.6.2/../../../../arm-none-eabi/lib/armv6-m/libcr_c.a(alloc.o)
 .text._Csys_alloc
                0x0000000000000000       0x20 /Applications/lpcxpresso_4.2.4_267/lpcxpresso/Tools/bin/../lib/gcc/arm-none-eabi/4.6.2/../../../../arm-none-eabi/lib/armv6-m/libcr_c.a(alloc.o)
 .text.realloc  0x0000000000000000       0x1e /Applications/lpcxpresso_4.2.4_267/lpcxpresso/Tools/bin/../lib/gcc/arm-none-eabi/4.6.2/../../../../arm-none-eabi/lib/armv6-m/libcr_c.a(alloc.o)
 .rodata.str1.1
                0x0000000000000000       0x18 /Applications/lpcxpresso_4.2.4_267/lpcxpresso/Tools/bin/../lib/gcc/arm-none-eabi/4.6.2/../../../../arm-none-eabi/lib/armv6-m/libcr_c.a(alloc.o)
 .text          0x0000000000000000        0x0 /Applications/lpcxpresso_4.2.4_267/lpcxpresso/Tools/bin/../lib/gcc/arm-none-eabi/4.6.2/../../../../arm-none-eabi/lib/armv6-m/libcr_c.a(fclose.o)
 .data          0x0000000000000000        0x0 /Applications/lpcxpresso_4.2.4_267/lpcxpresso/Tools/bin/../lib/gcc/arm-none-eabi/4.6.2/../../../../arm-none-eabi/lib/armv6-m/libcr_c.a(fclose.o)
 .bss           0x0000000000000000        0x0 /Applications/lpcxpresso_4.2.4_267/lpcxpresso/Tools/bin/../lib/gcc/arm-none-eabi/4.6.2/../../../../arm-none-eabi/lib/armv6-m/libcr_c.a(fclose.o)
 .text.fclose   0x0000000000000000       0x70 /Applications/lpcxpresso_4.2.4_267/lpcxpresso/Tools/bin/../lib/gcc/arm-none-eabi/4.6.2/../../../../arm-none-eabi/lib/armv6-m/libcr_c.a(fclose.o)
 .text          0x0000000000000000        0x0 /Applications/lpcxpresso_4.2.4_267/lpcxpresso/Tools/bin/../lib/gcc/arm-none-eabi/4.6.2/../../../../arm-none-eabi/lib/armv6-m/libcr_c.a(fflush.o)
 .data          0x0000000000000000        0x0 /Applications/lpcxpresso_4.2.4_267/lpcxpresso/Tools/bin/../lib/gcc/arm-none-eabi/4.6.2/../../../../arm-none-eabi/lib/armv6-m/libcr_c.a(fflush.o)
 .bss           0x0000000000000000        0x0 /Applications/lpcxpresso_4.2.4_267/lpcxpresso/Tools/bin/../lib/gcc/arm-none-eabi/4.6.2/../../../../arm-none-eabi/lib/armv6-m/libcr_c.a(fflush.o)
 .text.fflush   0x0000000000000000       0x38 /Applications/lpcxpresso_4.2.4_267/lpcxpresso/Tools/bin/../lib/gcc/arm-none-eabi/4.6.2/../../../../arm-none-eabi/lib/armv6-m/libcr_c.a(fflush.o)
 .text          0x0000000000000000        0x0 /Applications/lpcxpresso_4.2.4_267/lpcxpresso/Tools/bin/../lib/gcc/arm-none-eabi/4.6.2/../../../../arm-none-eabi/lib/armv6-m/libcr_c.a(fseek.o)
 .data          0x0000000000000000        0x0 /Applications/lpcxpresso_4.2.4_267/lpcxpresso/Tools/bin/../lib/gcc/arm-none-eabi/4.6.2/../../../../arm-none-eabi/lib/armv6-m/libcr_c.a(fseek.o)
 .bss           0x0000000000000000        0x0 /Applications/lpcxpresso_4.2.4_267/lpcxpresso/Tools/bin/../lib/gcc/arm-none-eabi/4.6.2/../../../../arm-none-eabi/lib/armv6-m/libcr_c.a(fseek.o)
 .text.fseek    0x0000000000000000       0xf0 /Applications/lpcxpresso_4.2.4_267/lpcxpresso/Tools/bin/../lib/gcc/arm-none-eabi/4.6.2/../../../../arm-none-eabi/lib/armv6-m/libcr_c.a(fseek.o)
 .text          0x0000000000000000        0x0 /Applications/lpcxpresso_4.2.4_267/lpcxpresso/Tools/bin/../lib/gcc/arm-none-eabi/4.6.2/../../../../arm-none-eabi/lib/armv6-m/libcr_c.a(ftell.o)
 .data          0x0000000000000000        0x0 /Applications/lpcxpresso_4.2.4_267/lpcxpresso/Tools/bin/../lib/gcc/arm-none-eabi/4.6.2/../../../../arm-none-eabi/lib/armv6-m/libcr_c.a(ftell.o)
 .bss           0x0000000000000000        0x0 /Applications/lpcxpresso_4.2.4_267/lpcxpresso/Tools/bin/../lib/gcc/arm-none-eabi/4.6.2/../../../../arm-none-eabi/lib/armv6-m/libcr_c.a(ftell.o)
 .text.ftell    0x0000000000000000       0x50 /Applications/lpcxpresso_4.2.4_267/lpcxpresso/Tools/bin/../lib/gcc/arm-none-eabi/4.6.2/../../../../arm-none-eabi/lib/armv6-m/libcr_c.a(ftell.o)
 .text          0x0000000000000000        0x0 /Applications/lpcxpresso_4.2.4_267/lpcxpresso/Tools/bin/../lib/gcc/arm-none-eabi/4.6.2/../../../../arm-none-eabi/lib/armv6-m/libcr_c.a(remove.o)
 .data          0x0000000000000000        0x0 /Applications/lpcxpresso_4.2.4_267/lpcxpresso/Tools/bin/../lib/gcc/arm-none-eabi/4.6.2/../../../../arm-none-eabi/lib/armv6-m/libcr_c.a(remove.o)
 .bss           0x0000000000000000        0x0 /Applications/lpcxpresso_4.2.4_267/lpcxpresso/Tools/bin/../lib/gcc/arm-none-eabi/4.6.2/../../../../arm-none-eabi/lib/armv6-m/libcr_c.a(remove.o)
 .text.remove   0x0000000000000000       0x12 /Applications/lpcxpresso_4.2.4_267/lpcxpresso/Tools/bin/../lib/gcc/arm-none-eabi/4.6.2/../../../../arm-none-eabi/lib/armv6-m/libcr_c.a(remove.o)
 .text.rename   0x0000000000000000       0x28 /Applications/lpcxpresso_4.2.4_267/lpcxpresso/Tools/bin/../lib/gcc/arm-none-eabi/4.6.2/../../../../arm-none-eabi/lib/armv6-m/libcr_c.a(remove.o)
 .text          0x0000000000000000        0x0 /Applications/lpcxpresso_4.2.4_267/lpcxpresso/Tools/bin/../lib/gcc/arm-none-eabi/4.6.2/../../../../arm-none-eabi/lib/armv6-m/libcr_c.a(strlen.o)
 .data          0x0000000000000000        0x0 /Applications/lpcxpresso_4.2.4_267/lpcxpresso/Tools/bin/../lib/gcc/arm-none-eabi/4.6.2/../../../../arm-none-eabi/lib/armv6-m/libcr_c.a(strlen.o)
 .bss           0x0000000000000000        0x0 /Applications/lpcxpresso_4.2.4_267/lpcxpresso/Tools/bin/../lib/gcc/arm-none-eabi/4.6.2/../../../../arm-none-eabi/lib/armv6-m/libcr_c.a(strlen.o)
 .text.strlen   0x0000000000000000       0x50 /Applications/lpcxpresso_4.2.4_267/lpcxpresso/Tools/bin/../lib/gcc/arm-none-eabi/4.6.2/../../../../arm-none-eabi/lib/armv6-m/libcr_c.a(strlen.o)
 .text          0x0000000000000000        0x0 /Applications/lpcxpresso_4.2.4_267/lpcxpresso/Tools/bin/../lib/gcc/arm-none-eabi/4.6.2/../../../../arm-none-eabi/lib/armv6-m/libcr_c.a(memcpy.o)
 .data          0x0000000000000000        0x0 /Applications/lpcxpresso_4.2.4_267/lpcxpresso/Tools/bin/../lib/gcc/arm-none-eabi/4.6.2/../../../../arm-none-eabi/lib/armv6-m/libcr_c.a(memcpy.o)
 .bss           0x0000000000000000        0x0 /Applications/lpcxpresso_4.2.4_267/lpcxpresso/Tools/bin/../lib/gcc/arm-none-eabi/4.6.2/../../../../arm-none-eabi/lib/armv6-m/libcr_c.a(memcpy.o)
 .text.memcpy   0x0000000000000000        0x8 /Applications/lpcxpresso_4.2.4_267/lpcxpresso/Tools/bin/../lib/gcc/arm-none-eabi/4.6.2/../../../../arm-none-eabi/lib/armv6-m/libcr_c.a(memcpy.o)
 .text          0x0000000000000000        0x0 /Applications/lpcxpresso_4.2.4_267/lpcxpresso/Tools/bin/../lib/gcc/arm-none-eabi/4.6.2/../../../../arm-none-eabi/lib/armv6-m/libcr_c.a(__init_alloc.o)
 .data          0x0000000000000000        0x0 /Applications/lpcxpresso_4.2.4_267/lpcxpresso/Tools/bin/../lib/gcc/arm-none-eabi/4.6.2/../../../../arm-none-eabi/lib/armv6-m/libcr_c.a(__init_alloc.o)
 .bss           0x0000000000000000        0x0 /Applications/lpcxpresso_4.2.4_267/lpcxpresso/Tools/bin/../lib/gcc/arm-none-eabi/4.6.2/../../../../arm-none-eabi/lib/armv6-m/libcr_c.a(__init_alloc.o)
 .text._init_alloc
                0x0000000000000000       0x14 /Applications/lpcxpresso_4.2.4_267/lpcxpresso/Tools/bin/../lib/gcc/arm-none-eabi/4.6.2/../../../../arm-none-eabi/lib/armv6-m/libcr_c.a(__init_alloc.o)
 COMMON         0x0000000000000000        0x8 /Applications/lpcxpresso_4.2.4_267/lpcxpresso/Tools/bin/../lib/gcc/arm-none-eabi/4.6.2/../../../../arm-none-eabi/lib/armv6-m/libcr_c.a(__init_alloc.o)
 .text          0x0000000000000000        0x0 /Applications/lpcxpresso_4.2.4_267/lpcxpresso/Tools/bin/../lib/gcc/arm-none-eabi/4.6.2/../../../../arm-none-eabi/lib/armv6-m/libcr_c.a(_do_fflush.o)
 .data          0x0000000000000000        0x0 /Applications/lpcxpresso_4.2.4_267/lpcxpresso/Tools/bin/../lib/gcc/arm-none-eabi/4.6.2/../../../../arm-none-eabi/lib/armv6-m/libcr_c.a(_do_fflush.o)
 .bss           0x0000000000000000        0x0 /Applications/lpcxpresso_4.2.4_267/lpcxpresso/Tools/bin/../lib/gcc/arm-none-eabi/4.6.2/../../../../arm-none-eabi/lib/armv6-m/libcr_c.a(_do_fflush.o)
 .text._do_fflush
                0x0000000000000000       0x48 /Applications/lpcxpresso_4.2.4_267/lpcxpresso/Tools/bin/../lib/gcc/arm-none-eabi/4.6.2/../../../../arm-none-eabi/lib/armv6-m/libcr_c.a(_do_fflush.o)
 .text          0x0000000000000000        0x0 /Applications/lpcxpresso_4.2.4_267/lpcxpresso/Tools/bin/../lib/gcc/arm-none-eabi/4.6.2/../../../../arm-none-eabi/lib/armv6-m/libcr_c.a(errno.o)
 .data          0x0000000000000000        0x0 /Applications/lpcxpresso_4.2.4_267/lpcxpresso/Tools/bin/../lib/gcc/arm-none-eabi/4.6.2/../../../../arm-none-eabi/lib/armv6-m/libcr_c.a(errno.o)
 .bss           0x0000000000000000        0x0 /Applications/lpcxpresso_4.2.4_267/lpcxpresso/Tools/bin/../lib/gcc/arm-none-eabi/4.6.2/../../../../arm-none-eabi/lib/armv6-m/libcr_c.a(errno.o)
 .bss.errno     0x0000000000000000        0x4 /Applications/lpcxpresso_4.2.4_267/lpcxpresso/Tools/bin/../lib/gcc/arm-none-eabi/4.6.2/../../../../arm-none-eabi/lib/armv6-m/libcr_c.a(errno.o)
 .text          0x0000000000000000        0x0 /Applications/lpcxpresso_4.2.4_267/lpcxpresso/Tools/bin/../lib/gcc/arm-none-eabi/4.6.2/armv6-m/libcr_eabihelpers.a(division.o)
 .data          0x0000000000000000        0x0 /Applications/lpcxpresso_4.2.4_267/lpcxpresso/Tools/bin/../lib/gcc/arm-none-eabi/4.6.2/armv6-m/libcr_eabihelpers.a(division.o)
 .bss           0x0000000000000000        0x0 /Applications/lpcxpresso_4.2.4_267/lpcxpresso/Tools/bin/../lib/gcc/arm-none-eabi/4.6.2/armv6-m/libcr_eabihelpers.a(division.o)
 .text.__aeabi_division_idivmod
                0x0000000000000000        0x6 /Applications/lpcxpresso_4.2.4_267/lpcxpresso/Tools/bin/../lib/gcc/arm-none-eabi/4.6.2/armv6-m/libcr_eabihelpers.a(division.o)
 .text.__aeabi_division_uldivmod
                0x0000000000000000       0x5a /Applications/lpcxpresso_4.2.4_267/lpcxpresso/Tools/bin/../lib/gcc/arm-none-eabi/4.6.2/armv6-m/libcr_eabihelpers.a(division.o)
 .text.__aeabi_division_ldivmod
                0x0000000000000000       0x32 /Applications/lpcxpresso_4.2.4_267/lpcxpresso/Tools/bin/../lib/gcc/arm-none-eabi/4.6.2/armv6-m/libcr_eabihelpers.a(division.o)
 .text.__aeabi_division_ldiv0
                0x0000000000000000        0x2 /Applications/lpcxpresso_4.2.4_267/lpcxpresso/Tools/bin/../lib/gcc/arm-none-eabi/4.6.2/armv6-m/libcr_eabihelpers.a(division.o)
 .text.__aeabi_division_idivq31+15
                0x0000000000000000      0x188 /Applications/lpcxpresso_4.2.4_267/lpcxpresso/Tools/bin/../lib/gcc/arm-none-eabi/4.6.2/armv6-m/libcr_eabihelpers.a(division.o)
 .text          0x0000000000000000        0x0 /Applications/lpcxpresso_4.2.4_267/lpcxpresso/Tools/bin/../lib/gcc/arm-none-eabi/4.6.2/armv6-m/libcr_eabihelpers.a(memcpy.o)
 .data          0x0000000000000000        0x0 /Applications/lpcxpresso_4.2.4_267/lpcxpresso/Tools/bin/../lib/gcc/arm-none-eabi/4.6.2/armv6-m/libcr_eabihelpers.a(memcpy.o)
 .bss           0x0000000000000000        0x0 /Applications/lpcxpresso_4.2.4_267/lpcxpresso/Tools/bin/../lib/gcc/arm-none-eabi/4.6.2/armv6-m/libcr_eabihelpers.a(memcpy.o)
 .text.__aeabi_memcpy
                0x0000000000000000       0x2c /Applications/lpcxpresso_4.2.4_267/lpcxpresso/Tools/bin/../lib/gcc/arm-none-eabi/4.6.2/armv6-m/libcr_eabihelpers.a(memcpy.o)
 .text.__aeabi_memmove
                0x0000000000000000       0x1c /Applications/lpcxpresso_4.2.4_267/lpcxpresso/Tools/bin/../lib/gcc/arm-none-eabi/4.6.2/armv6-m/libcr_eabihelpers.a(memcpy.o)
 .text.__aeabi_memclr
                0x0000000000000000        0x6 /Applications/lpcxpresso_4.2.4_267/lpcxpresso/Tools/bin/../lib/gcc/arm-none-eabi/4.6.2/armv6-m/libcr_eabihelpers.a(memcpy.o)
 .text.__aeabi_memset
                0x0000000000000000        0x8 /Applications/lpcxpresso_4.2.4_267/lpcxpresso/Tools/bin/../lib/gcc/arm-none-eabi/4.6.2/armv6-m/libcr_eabihelpers.a(memcpy.o)

Memory Configuration

Name             Origin             Length             Attributes
MFlash32         0x0000000000000000 0x0000000000008000 xr
RamLoc4          0x0000000010000000 0x0000000000001000 xrw
*default*        0x0000000000000000 0xffffffffffffffff

Linker script and memory map

LOAD ./cr_startup_lpc11.o
LOAD ./main.o
LOAD ./radio/hal.o
LOAD ./radio/radio.o
LOAD ./drivers/adc.o
LOAD ./drivers/clkconfig.o
LOAD ./drivers/gpio.o
LOAD ./drivers/i2c.o
LOAD ./drivers/ssp.o
LOAD ./drivers/timer16.o
LOAD ./drivers/uart.o
LOAD ./drivers/wdt.o
LOAD /Users/egnoske/CMD Projects/work/sniffer/CMSISv2p00_LPC11xx/Debug/libCMSISv2p00_LPC11xx.a
START GROUP
LOAD /Applications/lpcxpresso_4.2.4_267/lpcxpresso/Tools/bin/../lib/gcc/arm-none-eabi/4.6.2/../../../../arm-none-eabi/lib/armv6-m/libcr_c.a
LOAD /Applications/lpcxpresso_4.2.4_267/lpcxpresso/Tools/bin/../lib/gcc/arm-none-eabi/4.6.2/armv6-m/libcr_eabihelpers.a
END GROUP
                0x0000000000008000                __top_MFlash32 = 0x8000
                0x0000000010001000                __top_RamLoc4 = 0x10001000

.text           0x0000000000000000     0x1dc4
 FILL mask 0xff
 *(.isr_vector)
 .isr_vector    0x0000000000000000       0xc0 ./cr_startup_lpc11.o
                0x0000000000000000                g_pfnVectors
                0x00000000000000c0                . = ALIGN (0x4)
                0x00000000000000c0                __section_table_start = .
                0x00000000000000c0                __data_section_table = .
                0x00000000000000c0        0x4 LONG 0x1dc4 LOADADDR (.data)
                0x00000000000000c4        0x4 LONG 0x10000000 ADDR (.data)
                0x00000000000000c8        0x4 LONG 0x8 SIZEOF (.data)
                0x00000000000000cc                __data_section_table_end = .
                0x00000000000000cc                __bss_section_table = .
                0x00000000000000cc        0x4 LONG 0x10000008 ADDR (.bss)
                0x00000000000000d0        0x4 LONG 0x4fc SIZEOF (.bss)
                0x00000000000000d4                __bss_section_table_end = .
                0x00000000000000d4                __section_table_end = .
 *(.after_vectors*)
 .after_vectors
                0x00000000000000d4      0x134 ./cr_startup_lpc11.o
                0x00000000000000d4                data_init
                0x0000000000000118                bss_init
                0x000000000000014c                ResetISR
                0x00000000000001d8                NMI_Handler
                0x00000000000001e0                HardFault_Handler
                0x00000000000001e8                SVCall_Handler
                0x00000000000001f0                PendSV_Handler
                0x00000000000001f8                SysTick_Handler
                0x0000000000000200                IntDefaultHandler
                0x0000000000000200                CAN_IRQHandler
                0x0000000000000200                ADC_IRQHandler
                0x0000000000000200                PIOINT2_IRQHandler
                0x0000000000000200                BOD_IRQHandler
                0x0000000000000200                WAKEUP_IRQHandler
                0x0000000000000200                PIOINT0_IRQHandler
                0x0000000000000200                I2C_IRQHandler
                0x0000000000000200                WDT_IRQHandler
                0x0000000000000200                TIMER32_0_IRQHandler
                0x0000000000000200                PIOINT3_IRQHandler
                0x0000000000000200                TIMER32_1_IRQHandler
 *(.text*)
 .text.main     0x0000000000000208      0x29c ./main.o
                0x0000000000000208                main
 .text.writeOneByte
                0x00000000000004a4       0xc0 ./main.o
                0x00000000000004a4                writeOneByte
 .text.convertOneByte
                0x0000000000000564       0xa0 ./main.o
                0x0000000000000564                convertOneByte
 .text.convertTwoBytes
                0x0000000000000604      0x11c ./main.o
                0x0000000000000604                convertTwoBytes
 .text.writeByte
                0x0000000000000720       0x4c ./main.o
                0x0000000000000720                writeByte
 .text.readByte
                0x000000000000076c       0x4c ./main.o
                0x000000000000076c                readByte
 .text.hal_subregister_read
                0x00000000000007b8       0x58 ./radio/hal.o
                0x00000000000007b8                hal_subregister_read
 .text.hal_subregister_write
                0x0000000000000810       0x8c ./radio/hal.o
                0x0000000000000810                hal_subregister_write
 .text.hal_register_read
                0x000000000000089c       0x94 ./radio/hal.o
                0x000000000000089c                hal_register_read
 .text.hal_register_write
                0x0000000000000930       0xb4 ./radio/hal.o
                0x0000000000000930                hal_register_write
 .text.hal_init
                0x00000000000009e4       0xd0 ./radio/hal.o
                0x00000000000009e4                hal_init
 .text.radio_init
                0x0000000000000ab4       0xcc ./radio/radio.o
                0x0000000000000ab4                radio_init
 .text.radio_get_channel
                0x0000000000000b80       0x1c ./radio/radio.o
                0x0000000000000b80                radio_get_channel
 .text.radio_set_channel
                0x0000000000000b9c       0x98 ./radio/radio.o
                0x0000000000000b9c                radio_set_channel
 .text.radio_get_trx_state
                0x0000000000000c34       0x18 ./radio/radio.o
                0x0000000000000c34                radio_get_trx_state
 .text.radio_reset_trx
                0x0000000000000c4c       0x30 ./radio/radio.o
                0x0000000000000c4c                radio_reset_trx
 .text.NVIC_EnableIRQ
                0x0000000000000c7c       0x2c ./drivers/gpio.o
 .text.PIOINT1_IRQHandler
                0x0000000000000ca8      0x1c8 ./drivers/gpio.o
                0x0000000000000ca8                PIOINT1_IRQHandler
 .text.GPIOInit
                0x0000000000000e70       0x24 ./drivers/gpio.o
                0x0000000000000e70                GPIOInit
 .text.GPIOSetInterrupt
                0x0000000000000e94      0x334 ./drivers/gpio.o
                0x0000000000000e94                GPIOSetInterrupt
 .text.GPIOIntEnable
                0x00000000000011c8       0xa8 ./drivers/gpio.o
                0x00000000000011c8                GPIOIntEnable
 .text.GPIOIntDisable
                0x0000000000001270       0xa8 ./drivers/gpio.o
                0x0000000000001270                GPIOIntDisable
 .text.GPIOIntClear
                0x0000000000001318       0xa8 ./drivers/gpio.o
                0x0000000000001318                GPIOIntClear
 .text.GPIOSetValue
                0x00000000000013c0       0x38 ./drivers/gpio.o
                0x00000000000013c0                GPIOSetValue
 .text.GPIOSetDir
                0x00000000000013f8       0x74 ./drivers/gpio.o
                0x00000000000013f8                GPIOSetDir
 .text.SSP0_IRQHandler
                0x000000000000146c       0x68 ./drivers/ssp.o
                0x000000000000146c                SSP0_IRQHandler
 .text.SSP1_IRQHandler
                0x00000000000014d4       0x68 ./drivers/ssp.o
                0x00000000000014d4                SSP1_IRQHandler
 .text.SSP_Init
                0x000000000000153c       0xf0 ./drivers/ssp.o
                0x000000000000153c                SSP_Init
 .text.SSPSend  0x000000000000162c       0x50 ./drivers/ssp.o
                0x000000000000162c                SSPSend
 .text.SSPReceive
                0x000000000000167c       0x60 ./drivers/ssp.o
                0x000000000000167c                SSPReceive
 .text.delay_microseconds
                0x00000000000016dc       0xbc ./drivers/timer16.o
                0x00000000000016dc                delay_microseconds
 .text.TIMER16_0_IRQHandler
                0x0000000000001798       0x50 ./drivers/timer16.o
                0x0000000000001798                TIMER16_0_IRQHandler
 .text.TIMER16_1_IRQHandler
                0x00000000000017e8       0x50 ./drivers/timer16.o
                0x00000000000017e8                TIMER16_1_IRQHandler
 .text.NVIC_EnableIRQ
                0x0000000000001838       0x2c ./drivers/uart.o
 .text.NVIC_DisableIRQ
                0x0000000000001864       0x30 ./drivers/uart.o
 .text.UART_IRQHandler
                0x0000000000001894      0x12c ./drivers/uart.o
                0x0000000000001894                UART_IRQHandler
 .text.UARTInit
                0x00000000000019c0      0x124 ./drivers/uart.o
                0x00000000000019c0                UARTInit
 .text.SystemInit
                0x0000000000001ae4       0x90 /Users/egnoske/CMD Projects/work/sniffer/CMSISv2p00_LPC11xx/Debug/libCMSISv2p00_LPC11xx.a(system_LPC11xx.o)
                0x0000000000001ae4                SystemInit
 .text.__weak_main
                0x0000000000001b74        0x8 /Applications/lpcxpresso_4.2.4_267/lpcxpresso/Tools/bin/../lib/gcc/arm-none-eabi/4.6.2/../../../../arm-none-eabi/lib/armv6-m/libcr_c.a(__weak__main.o)
                0x0000000000001b74                __main
                0x0000000000001b74                __weak_main
 .text.memset   0x0000000000001b7c        0x8 /Applications/lpcxpresso_4.2.4_267/lpcxpresso/Tools/bin/../lib/gcc/arm-none-eabi/4.6.2/../../../../arm-none-eabi/lib/armv6-m/libcr_c.a(memset.o)
                0x0000000000001b7c                memset
 .text.__aeabi_division_uidivmod
                0x0000000000001b84       0x72 /Applications/lpcxpresso_4.2.4_267/lpcxpresso/Tools/bin/../lib/gcc/arm-none-eabi/4.6.2/armv6-m/libcr_eabihelpers.a(division.o)
                0x0000000000001b84                __aeabi_uidiv
                0x0000000000001b84                __aeabi_uidivmod
 .text.__aeabi_division_idiv0
                0x0000000000001bf6        0x2 /Applications/lpcxpresso_4.2.4_267/lpcxpresso/Tools/bin/../lib/gcc/arm-none-eabi/4.6.2/armv6-m/libcr_eabihelpers.a(division.o)
                0x0000000000001bf6                __aeabi_idiv0
 .text.__aeabi_memset_lowlevel
                0x0000000000001bf8       0x2a /Applications/lpcxpresso_4.2.4_267/lpcxpresso/Tools/bin/../lib/gcc/arm-none-eabi/4.6.2/armv6-m/libcr_eabihelpers.a(memcpy.o)
                0x0000000000001bf8                __aeabi_lowlevel_memset
 *(.rodata .rodata.*)
 *fill*         0x0000000000001c22        0x2 00
 .rodata.main   0x0000000000001c24      0x190 ./main.o
 .rodata.LPC_GPIO
                0x0000000000001db4       0x10 ./drivers/gpio.o
                0x0000000000001dc4                . = ALIGN (0x4)

.glue_7         0x0000000000001dc4        0x0
 .glue_7        0x0000000000000000        0x0 linker stubs

.glue_7t        0x0000000000001dc4        0x0
 .glue_7t       0x0000000000000000        0x0 linker stubs

.vfp11_veneer   0x0000000000001dc4        0x0
 .vfp11_veneer  0x0000000000000000        0x0 linker stubs

.v4_bx          0x0000000000001dc4        0x0
 .v4_bx         0x0000000000000000        0x0 linker stubs

.ARM.extab
 *(.ARM.extab* .gnu.linkonce.armextab.*)
                0x0000000000001dc4                __exidx_start = .

.ARM.exidx
 *(.ARM.exidx* .gnu.linkonce.armexidx.*)
                0x0000000000001dc4                __exidx_end = .
                0x0000000000001dc4                _etext = .

.uninit_RESERVED
 *(.bss.$RESERVED*)

.data           0x0000000010000000        0x8 load address 0x0000000000001dc4
 FILL mask 0xff
                0x0000000010000000                _data = .
 *(vtable)
 *(.data*)
 .data.UARTTxEmpty
                0x0000000010000000        0x1 ./drivers/uart.o
                0x0000000010000000                UARTTxEmpty
 *fill*         0x0000000010000001        0x3 00
 .data.SystemCoreClock
                0x0000000010000004        0x4 /Users/egnoske/CMD Projects/work/sniffer/CMSISv2p00_LPC11xx/Debug/libCMSISv2p00_LPC11xx.a(system_LPC11xx.o)
                0x0000000010000004                SystemCoreClock
                0x0000000010000008                . = ALIGN (0x4)
                0x0000000010000008                _edata = .

.bss            0x0000000010000008      0x4fc load address 0x0000000000001dcc
                0x0000000010000008                _bss = .
 *(.bss*)
 .bss.frame_received
                0x0000000010000008        0x1 ./radio/radio.o
                0x0000000010000008                frame_received
 .bss.rssi.4354
                0x0000000010000009        0x1 ./drivers/gpio.o
 *fill*         0x000000001000000a        0x2 00
 .bss.interruptRxStat0
                0x000000001000000c        0x4 ./drivers/ssp.o
                0x000000001000000c                interruptRxStat0
 .bss.interruptOverRunStat0
                0x0000000010000010        0x4 ./drivers/ssp.o
                0x0000000010000010                interruptOverRunStat0
 .bss.interruptRxTimeoutStat0
                0x0000000010000014        0x4 ./drivers/ssp.o
                0x0000000010000014                interruptRxTimeoutStat0
 .bss.interruptRxStat1
                0x0000000010000018        0x4 ./drivers/ssp.o
                0x0000000010000018                interruptRxStat1
 .bss.interruptOverRunStat1
                0x000000001000001c        0x4 ./drivers/ssp.o
                0x000000001000001c                interruptOverRunStat1
 .bss.interruptRxTimeoutStat1
                0x0000000010000020        0x4 ./drivers/ssp.o
                0x0000000010000020                interruptRxTimeoutStat1
 .bss.timer16_0_counter
                0x0000000010000024        0x4 ./drivers/timer16.o
                0x0000000010000024                timer16_0_counter
 .bss.timer16_1_counter
                0x0000000010000028        0x4 ./drivers/timer16.o
                0x0000000010000028                timer16_1_counter
 .bss.timer16_0_capture
                0x000000001000002c        0x4 ./drivers/timer16.o
                0x000000001000002c                timer16_0_capture
 .bss.timer16_1_capture
                0x0000000010000030        0x4 ./drivers/timer16.o
                0x0000000010000030                timer16_1_capture
 .bss.UARTCount
                0x0000000010000034        0x4 ./drivers/uart.o
                0x0000000010000034                UARTCount
 *(COMMON)
 COMMON         0x0000000010000038      0x486 ./main.o
                0x0000000010000038                sniffBuff
                0x0000000010000438                trx_buf
                0x00000000100004b9                spi_spinlock
                0x00000000100004ba                rx_mode
                0x00000000100004bb                end
                0x00000000100004bc                rxdFlag
                0x00000000100004bd                start
 COMMON         0x00000000100004be        0x1 ./drivers/gpio.o
                0x00000000100004be                irq_status
 *fill*         0x00000000100004bf        0x1 00
 COMMON         0x00000000100004c0       0x44 ./drivers/uart.o
                0x00000000100004c0                UARTBuffer
                0x0000000010000500                UARTStatus
                0x0000000010000504                . = ALIGN (0x4)
                0x0000000010000504                _ebss = .
                0x0000000010000504                PROVIDE (end, .)
                0x0000000010000504                PROVIDE (_pvHeapStart, .)
                0x0000000010001000                PROVIDE (_vStackTop, (__top_RamLoc4 - 0x0))
OUTPUT(RadioBlocksSniffer.axf elf32-littlearm)

.debug_info     0x0000000000000000     0x5360
 .debug_info    0x0000000000000000      0x292 ./cr_startup_lpc11.o
 .debug_info    0x0000000000000292      0x6b5 ./main.o
 .debug_info    0x0000000000000947      0x798 ./radio/hal.o
 .debug_info    0x00000000000010df      0x94a ./radio/radio.o
 .debug_info    0x0000000000001a29       0x70 ./drivers/adc.o
 .debug_info    0x0000000000001a99       0x70 ./drivers/clkconfig.o
 .debug_info    0x0000000000001b09      0xb9d ./drivers/gpio.o
 .debug_info    0x00000000000026a6       0x70 ./drivers/i2c.o
 .debug_info    0x0000000000002716      0xbfa ./drivers/ssp.o
 .debug_info    0x0000000000003310      0xe45 ./drivers/timer16.o
 .debug_info    0x0000000000004155      0xc99 ./drivers/uart.o
 .debug_info    0x0000000000004dee       0x70 ./drivers/wdt.o
 .debug_info    0x0000000000004e5e      0x502 /Users/egnoske/CMD Projects/work/sniffer/CMSISv2p00_LPC11xx/Debug/libCMSISv2p00_LPC11xx.a(system_LPC11xx.o)

.debug_abbrev   0x0000000000000000      0xfd1
 .debug_abbrev  0x0000000000000000       0xf8 ./cr_startup_lpc11.o
 .debug_abbrev  0x00000000000000f8      0x220 ./main.o
 .debug_abbrev  0x0000000000000318      0x1ac ./radio/hal.o
 .debug_abbrev  0x00000000000004c4      0x22f ./radio/radio.o
 .debug_abbrev  0x00000000000006f3       0x2c ./drivers/adc.o
 .debug_abbrev  0x000000000000071f       0x2c ./drivers/clkconfig.o
 .debug_abbrev  0x000000000000074b      0x21b ./drivers/gpio.o
 .debug_abbrev  0x0000000000000966       0x2c ./drivers/i2c.o
 .debug_abbrev  0x0000000000000992      0x1be ./drivers/ssp.o
 .debug_abbrev  0x0000000000000b50      0x1ca ./drivers/timer16.o
 .debug_abbrev  0x0000000000000d1a      0x19f ./drivers/uart.o
 .debug_abbrev  0x0000000000000eb9       0x2c ./drivers/wdt.o
 .debug_abbrev  0x0000000000000ee5       0xec /Users/egnoske/CMD Projects/work/sniffer/CMSISv2p00_LPC11xx/Debug/libCMSISv2p00_LPC11xx.a(system_LPC11xx.o)

.debug_loc      0x0000000000000000     0x11dc
 .debug_loc     0x0000000000000000      0x1b0 ./cr_startup_lpc11.o
 .debug_loc     0x00000000000001b0      0x150 ./main.o
 .debug_loc     0x0000000000000300      0x188 ./radio/hal.o
 .debug_loc     0x0000000000000488      0x544 ./radio/radio.o
 .debug_loc     0x00000000000009cc      0x224 ./drivers/gpio.o
 .debug_loc     0x0000000000000bf0      0x1c0 ./drivers/ssp.o
 .debug_loc     0x0000000000000db0      0x250 ./drivers/timer16.o
 .debug_loc     0x0000000000001000      0x144 ./drivers/uart.o
 .debug_loc     0x0000000000001144       0x98 /Users/egnoske/CMD Projects/work/sniffer/CMSISv2p00_LPC11xx/Debug/libCMSISv2p00_LPC11xx.a(system_LPC11xx.o)

.debug_aranges  0x0000000000000000      0x380
 .debug_aranges
                0x0000000000000000       0x60 ./cr_startup_lpc11.o
 .debug_aranges
                0x0000000000000060       0x48 ./main.o
 .debug_aranges
                0x00000000000000a8       0x50 ./radio/hal.o
 .debug_aranges
                0x00000000000000f8       0xe8 ./radio/radio.o
 .debug_aranges
                0x00000000000001e0       0x68 ./drivers/gpio.o
 .debug_aranges
                0x0000000000000248       0x58 ./drivers/ssp.o
 .debug_aranges
                0x00000000000002a0       0x70 ./drivers/timer16.o
 .debug_aranges
                0x0000000000000310       0x48 ./drivers/uart.o
 .debug_aranges
                0x0000000000000358       0x28 /Users/egnoske/CMD Projects/work/sniffer/CMSISv2p00_LPC11xx/Debug/libCMSISv2p00_LPC11xx.a(system_LPC11xx.o)

.debug_ranges   0x0000000000000000      0x2f0
 .debug_ranges  0x0000000000000000       0x50 ./cr_startup_lpc11.o
 .debug_ranges  0x0000000000000050       0x38 ./main.o
 .debug_ranges  0x0000000000000088       0x40 ./radio/hal.o
 .debug_ranges  0x00000000000000c8       0xd8 ./radio/radio.o
 .debug_ranges  0x00000000000001a0       0x58 ./drivers/gpio.o
 .debug_ranges  0x00000000000001f8       0x48 ./drivers/ssp.o
 .debug_ranges  0x0000000000000240       0x60 ./drivers/timer16.o
 .debug_ranges  0x00000000000002a0       0x38 ./drivers/uart.o
 .debug_ranges  0x00000000000002d8       0x18 /Users/egnoske/CMD Projects/work/sniffer/CMSISv2p00_LPC11xx/Debug/libCMSISv2p00_LPC11xx.a(system_LPC11xx.o)

.debug_line     0x0000000000000000     0x4012
 .debug_line    0x0000000000000000      0x3fb ./cr_startup_lpc11.o
 .debug_line    0x00000000000003fb      0x60d ./main.o
 .debug_line    0x0000000000000a08      0x5f0 ./radio/hal.o
 .debug_line    0x0000000000000ff8      0x763 ./radio/radio.o
 .debug_line    0x000000000000175b      0x3bf ./drivers/adc.o
 .debug_line    0x0000000000001b1a      0x3c5 ./drivers/clkconfig.o
 .debug_line    0x0000000000001edf      0x671 ./drivers/gpio.o
 .debug_line    0x0000000000002550      0x3bf ./drivers/i2c.o
 .debug_line    0x000000000000290f      0x53f ./drivers/ssp.o
 .debug_line    0x0000000000002e4e      0x54d ./drivers/timer16.o
 .debug_line    0x000000000000339b      0x4b1 ./drivers/uart.o
 .debug_line    0x000000000000384c      0x3c8 ./drivers/wdt.o
 .debug_line    0x0000000000003c14      0x3fe /Users/egnoske/CMD Projects/work/sniffer/CMSISv2p00_LPC11xx/Debug/libCMSISv2p00_LPC11xx.a(system_LPC11xx.o)

.debug_macinfo  0x0000000000000000    0x49c00
 .debug_macinfo
                0x0000000000000000     0x3cf8 ./cr_startup_lpc11.o
 .debug_macinfo
                0x0000000000003cf8     0x6db6 ./main.o
 .debug_macinfo
                0x000000000000aaae     0x6cd9 ./radio/hal.o
 .debug_macinfo
                0x0000000000011787     0x6c7c ./radio/radio.o
 .debug_macinfo
                0x0000000000018403     0x53fc ./drivers/adc.o
 .debug_macinfo
                0x000000000001d7ff     0x53fc ./drivers/clkconfig.o
 .debug_macinfo
                0x0000000000022bfb     0x6f44 ./drivers/gpio.o
 .debug_macinfo
                0x0000000000029b3f     0x53fc ./drivers/i2c.o
 .debug_macinfo
                0x000000000002ef3b     0x57cc ./drivers/ssp.o
 .debug_macinfo
                0x0000000000034707     0x54e6 ./drivers/timer16.o
 .debug_macinfo
                0x0000000000039bed     0x55c6 ./drivers/uart.o
 .debug_macinfo
                0x000000000003f1b3     0x540b ./drivers/wdt.o
 .debug_macinfo
                0x00000000000445be     0x5642 /Users/egnoske/CMD Projects/work/sniffer/CMSISv2p00_LPC11xx/Debug/libCMSISv2p00_LPC11xx.a(system_LPC11xx.o)

.debug_str      0x0000000000000000     0x14de
 .debug_str     0x0000000000000000      0x20f ./cr_startup_lpc11.o
                                        0x237 (size before relaxing)
 .debug_str     0x000000000000020f      0x1b0 ./main.o
                                        0x2cd (size before relaxing)
 .debug_str     0x00000000000003bf      0x245 ./radio/hal.o
                                        0x3ed (size before relaxing)
 .debug_str     0x0000000000000604      0x596 ./radio/radio.o
                                        0x797 (size before relaxing)
 .debug_str     0x0000000000000b9a       0x11 ./drivers/adc.o
                                        0x115 (size before relaxing)
 .debug_str     0x0000000000000bab       0x17 ./drivers/clkconfig.o
                                        0x11b (size before relaxing)
 .debug_str     0x0000000000000bc2      0x544 ./drivers/gpio.o
                                        0x6fe (size before relaxing)
 .debug_str     0x0000000000001106       0x11 ./drivers/i2c.o
                                        0x115 (size before relaxing)
 .debug_str     0x0000000000001117      0x103 ./drivers/ssp.o
                                        0x65b (size before relaxing)
 .debug_str     0x000000000000121a      0x19b ./drivers/timer16.o
                                        0x8d5 (size before relaxing)
 .debug_str     0x00000000000013b5       0x8f ./drivers/uart.o
                                        0x7fe (size before relaxing)
 .debug_str     0x0000000000001444       0x11 ./drivers/wdt.o
                                        0x115 (size before relaxing)
 .debug_str     0x0000000000001455       0x89 /Users/egnoske/CMD Projects/work/sniffer/CMSISv2p00_LPC11xx/Debug/libCMSISv2p00_LPC11xx.a(system_LPC11xx.o)
                                        0x3e1 (size before relaxing)

.comment        0x0000000000000000       0x9a
 .comment       0x0000000000000000       0x70 ./cr_startup_lpc11.o
                                         0x71 (size before relaxing)
 .comment       0x0000000000000000       0x71 ./main.o
 .comment       0x0000000000000000       0x71 ./radio/hal.o
 .comment       0x0000000000000000       0x71 ./radio/radio.o
 .comment       0x0000000000000000       0x71 ./drivers/adc.o
 .comment       0x0000000000000000       0x71 ./drivers/clkconfig.o
 .comment       0x0000000000000000       0x71 ./drivers/gpio.o
 .comment       0x0000000000000000       0x71 ./drivers/i2c.o
 .comment       0x0000000000000000       0x71 ./drivers/ssp.o
 .comment       0x0000000000000000       0x71 ./drivers/timer16.o
 .comment       0x0000000000000000       0x71 ./drivers/uart.o
 .comment       0x0000000000000000       0x71 ./drivers/wdt.o
 .comment       0x0000000000000000       0x71 /Users/egnoske/CMD Projects/work/sniffer/CMSISv2p00_LPC11xx/Debug/libCMSISv2p00_LPC11xx.a(system_LPC11xx.o)
 .comment       0x0000000000000070       0x2a /Applications/lpcxpresso_4.2.4_267/lpcxpresso/Tools/bin/../lib/gcc/arm-none-eabi/4.6.2/../../../../arm-none-eabi/lib/armv6-m/libcr_c.a(__weak__main.o)
                                         0x2b (size before relaxing)
 .comment       0x0000000000000000       0x2b /Applications/lpcxpresso_4.2.4_267/lpcxpresso/Tools/bin/../lib/gcc/arm-none-eabi/4.6.2/../../../../arm-none-eabi/lib/armv6-m/libcr_c.a(stdlib.o)
 .comment       0x0000000000000000       0x2b /Applications/lpcxpresso_4.2.4_267/lpcxpresso/Tools/bin/../lib/gcc/arm-none-eabi/4.6.2/../../../../arm-none-eabi/lib/armv6-m/libcr_c.a(memset.o)
 .comment       0x0000000000000000       0x2b /Applications/lpcxpresso_4.2.4_267/lpcxpresso/Tools/bin/../lib/gcc/arm-none-eabi/4.6.2/../../../../arm-none-eabi/lib/armv6-m/libcr_c.a(initio.o)
 .comment       0x0000000000000000       0x2b /Applications/lpcxpresso_4.2.4_267/lpcxpresso/Tools/bin/../lib/gcc/arm-none-eabi/4.6.2/../../../../arm-none-eabi/lib/armv6-m/libcr_c.a(raise.o)
 .comment       0x0000000000000000       0x2b /Applications/lpcxpresso_4.2.4_267/lpcxpresso/Tools/bin/../lib/gcc/arm-none-eabi/4.6.2/../../../../arm-none-eabi/lib/armv6-m/libcr_c.a(setvbuf.o)
 .comment       0x0000000000000000       0x2b /Applications/lpcxpresso_4.2.4_267/lpcxpresso/Tools/bin/../lib/gcc/arm-none-eabi/4.6.2/../../../../arm-none-eabi/lib/armv6-m/libcr_c.a(stdio.o)
 .comment       0x0000000000000000       0x2b /Applications/lpcxpresso_4.2.4_267/lpcxpresso/Tools/bin/../lib/gcc/arm-none-eabi/4.6.2/../../../../arm-none-eabi/lib/armv6-m/libcr_c.a(__fillbuf.o)
 .comment       0x0000000000000000       0x2b /Applications/lpcxpresso_4.2.4_267/lpcxpresso/Tools/bin/../lib/gcc/arm-none-eabi/4.6.2/../../../../arm-none-eabi/lib/armv6-m/libcr_c.a(_deferredlazyseek.o)
 .comment       0x0000000000000000       0x2b /Applications/lpcxpresso_4.2.4_267/lpcxpresso/Tools/bin/../lib/gcc/arm-none-eabi/4.6.2/../../../../arm-none-eabi/lib/armv6-m/libcr_c.a(_fdopen.o)
 .comment       0x0000000000000000       0x2b /Applications/lpcxpresso_4.2.4_267/lpcxpresso/Tools/bin/../lib/gcc/arm-none-eabi/4.6.2/../../../../arm-none-eabi/lib/armv6-m/libcr_c.a(_fflush.o)
 .comment       0x0000000000000000       0x2b /Applications/lpcxpresso_4.2.4_267/lpcxpresso/Tools/bin/../lib/gcc/arm-none-eabi/4.6.2/../../../../arm-none-eabi/lib/armv6-m/libcr_c.a(_writebuf.o)
 .comment       0x0000000000000000       0x2b /Applications/lpcxpresso_4.2.4_267/lpcxpresso/Tools/bin/../lib/gcc/arm-none-eabi/4.6.2/../../../../arm-none-eabi/lib/armv6-m/libcr_c.a(alloc.o)
 .comment       0x0000000000000000       0x2b /Applications/lpcxpresso_4.2.4_267/lpcxpresso/Tools/bin/../lib/gcc/arm-none-eabi/4.6.2/../../../../arm-none-eabi/lib/armv6-m/libcr_c.a(fclose.o)
 .comment       0x0000000000000000       0x2b /Applications/lpcxpresso_4.2.4_267/lpcxpresso/Tools/bin/../lib/gcc/arm-none-eabi/4.6.2/../../../../arm-none-eabi/lib/armv6-m/libcr_c.a(fflush.o)
 .comment       0x0000000000000000       0x2b /Applications/lpcxpresso_4.2.4_267/lpcxpresso/Tools/bin/../lib/gcc/arm-none-eabi/4.6.2/../../../../arm-none-eabi/lib/armv6-m/libcr_c.a(fseek.o)
 .comment       0x0000000000000000       0x2b /Applications/lpcxpresso_4.2.4_267/lpcxpresso/Tools/bin/../lib/gcc/arm-none-eabi/4.6.2/../../../../arm-none-eabi/lib/armv6-m/libcr_c.a(ftell.o)
 .comment       0x0000000000000000       0x2b /Applications/lpcxpresso_4.2.4_267/lpcxpresso/Tools/bin/../lib/gcc/arm-none-eabi/4.6.2/../../../../arm-none-eabi/lib/armv6-m/libcr_c.a(remove.o)
 .comment       0x0000000000000000       0x2b /Applications/lpcxpresso_4.2.4_267/lpcxpresso/Tools/bin/../lib/gcc/arm-none-eabi/4.6.2/../../../../arm-none-eabi/lib/armv6-m/libcr_c.a(strlen.o)
 .comment       0x0000000000000000       0x2b /Applications/lpcxpresso_4.2.4_267/lpcxpresso/Tools/bin/../lib/gcc/arm-none-eabi/4.6.2/../../../../arm-none-eabi/lib/armv6-m/libcr_c.a(memcpy.o)
 .comment       0x0000000000000000       0x2b /Applications/lpcxpresso_4.2.4_267/lpcxpresso/Tools/bin/../lib/gcc/arm-none-eabi/4.6.2/../../../../arm-none-eabi/lib/armv6-m/libcr_c.a(__init_alloc.o)
 .comment       0x0000000000000000       0x2b /Applications/lpcxpresso_4.2.4_267/lpcxpresso/Tools/bin/../lib/gcc/arm-none-eabi/4.6.2/../../../../arm-none-eabi/lib/armv6-m/libcr_c.a(_do_fflush.o)
 .comment       0x0000000000000000       0x2b /Applications/lpcxpresso_4.2.4_267/lpcxpresso/Tools/bin/../lib/gcc/arm-none-eabi/4.6.2/../../../../arm-none-eabi/lib/armv6-m/libcr_c.a(errno.o)

.ARM.attributes
                0x0000000000000000       0x31
 .ARM.attributes
                0x0000000000000000       0x33 ./cr_startup_lpc11.o
 .ARM.attributes
                0x0000000000000033       0x33 ./main.o
 .ARM.attributes
                0x0000000000000066       0x33 ./radio/hal.o
 .ARM.attributes
                0x0000000000000099       0x33 ./radio/radio.o
 .ARM.attributes
                0x00000000000000cc       0x33 ./drivers/adc.o
 .ARM.attributes
                0x00000000000000ff       0x33 ./drivers/clkconfig.o
 .ARM.attributes
                0x0000000000000132       0x33 ./drivers/gpio.o
 .ARM.attributes
                0x0000000000000165       0x33 ./drivers/i2c.o
 .ARM.attributes
                0x0000000000000198       0x33 ./drivers/ssp.o
 .ARM.attributes
                0x00000000000001cb       0x33 ./drivers/timer16.o
 .ARM.attributes
                0x00000000000001fe       0x33 ./drivers/uart.o
 .ARM.attributes
                0x0000000000000231       0x33 ./drivers/wdt.o
 .ARM.attributes
                0x0000000000000264       0x33 /Users/egnoske/CMD Projects/work/sniffer/CMSISv2p00_LPC11xx/Debug/libCMSISv2p00_LPC11xx.a(system_LPC11xx.o)
 .ARM.attributes
                0x0000000000000297       0x33 /Applications/lpcxpresso_4.2.4_267/lpcxpresso/Tools/bin/../lib/gcc/arm-none-eabi/4.6.2/../../../../arm-none-eabi/lib/armv6-m/libcr_c.a(__weak__main.o)
 .ARM.attributes
                0x00000000000002ca       0x33 /Applications/lpcxpresso_4.2.4_267/lpcxpresso/Tools/bin/../lib/gcc/arm-none-eabi/4.6.2/../../../../arm-none-eabi/lib/armv6-m/libcr_c.a(stdlib.o)
 .ARM.attributes
                0x00000000000002fd       0x33 /Applications/lpcxpresso_4.2.4_267/lpcxpresso/Tools/bin/../lib/gcc/arm-none-eabi/4.6.2/../../../../arm-none-eabi/lib/armv6-m/libcr_c.a(memset.o)
 .ARM.attributes
                0x0000000000000330       0x33 /Applications/lpcxpresso_4.2.4_267/lpcxpresso/Tools/bin/../lib/gcc/arm-none-eabi/4.6.2/../../../../arm-none-eabi/lib/armv6-m/libcr_c.a(initio.o)
 .ARM.attributes
                0x0000000000000363       0x33 /Applications/lpcxpresso_4.2.4_267/lpcxpresso/Tools/bin/../lib/gcc/arm-none-eabi/4.6.2/../../../../arm-none-eabi/lib/armv6-m/libcr_c.a(raise.o)
 .ARM.attributes
                0x0000000000000396       0x33 /Applications/lpcxpresso_4.2.4_267/lpcxpresso/Tools/bin/../lib/gcc/arm-none-eabi/4.6.2/../../../../arm-none-eabi/lib/armv6-m/libcr_c.a(setvbuf.o)
 .ARM.attributes
                0x00000000000003c9       0x33 /Applications/lpcxpresso_4.2.4_267/lpcxpresso/Tools/bin/../lib/gcc/arm-none-eabi/4.6.2/../../../../arm-none-eabi/lib/armv6-m/libcr_c.a(stdio.o)
 .ARM.attributes
                0x00000000000003fc       0x33 /Applications/lpcxpresso_4.2.4_267/lpcxpresso/Tools/bin/../lib/gcc/arm-none-eabi/4.6.2/../../../../arm-none-eabi/lib/armv6-m/libcr_c.a(__fillbuf.o)
 .ARM.attributes
                0x000000000000042f       0x33 /Applications/lpcxpresso_4.2.4_267/lpcxpresso/Tools/bin/../lib/gcc/arm-none-eabi/4.6.2/../../../../arm-none-eabi/lib/armv6-m/libcr_c.a(_deferredlazyseek.o)
 .ARM.attributes
                0x0000000000000462       0x33 /Applications/lpcxpresso_4.2.4_267/lpcxpresso/Tools/bin/../lib/gcc/arm-none-eabi/4.6.2/../../../../arm-none-eabi/lib/armv6-m/libcr_c.a(_fdopen.o)
 .ARM.attributes
                0x0000000000000495       0x33 /Applications/lpcxpresso_4.2.4_267/lpcxpresso/Tools/bin/../lib/gcc/arm-none-eabi/4.6.2/../../../../arm-none-eabi/lib/armv6-m/libcr_c.a(_fflush.o)
 .ARM.attributes
                0x00000000000004c8       0x33 /Applications/lpcxpresso_4.2.4_267/lpcxpresso/Tools/bin/../lib/gcc/arm-none-eabi/4.6.2/../../../../arm-none-eabi/lib/armv6-m/libcr_c.a(_writebuf.o)
 .ARM.attributes
                0x00000000000004fb       0x33 /Applications/lpcxpresso_4.2.4_267/lpcxpresso/Tools/bin/../lib/gcc/arm-none-eabi/4.6.2/../../../../arm-none-eabi/lib/armv6-m/libcr_c.a(alloc.o)
 .ARM.attributes
                0x000000000000052e       0x33 /Applications/lpcxpresso_4.2.4_267/lpcxpresso/Tools/bin/../lib/gcc/arm-none-eabi/4.6.2/../../../../arm-none-eabi/lib/armv6-m/libcr_c.a(fclose.o)
 .ARM.attributes
                0x0000000000000561       0x33 /Applications/lpcxpresso_4.2.4_267/lpcxpresso/Tools/bin/../lib/gcc/arm-none-eabi/4.6.2/../../../../arm-none-eabi/lib/armv6-m/libcr_c.a(fflush.o)
 .ARM.attributes
                0x0000000000000594       0x33 /Applications/lpcxpresso_4.2.4_267/lpcxpresso/Tools/bin/../lib/gcc/arm-none-eabi/4.6.2/../../../../arm-none-eabi/lib/armv6-m/libcr_c.a(fseek.o)
 .ARM.attributes
                0x00000000000005c7       0x33 /Applications/lpcxpresso_4.2.4_267/lpcxpresso/Tools/bin/../lib/gcc/arm-none-eabi/4.6.2/../../../../arm-none-eabi/lib/armv6-m/libcr_c.a(ftell.o)
 .ARM.attributes
                0x00000000000005fa       0x33 /Applications/lpcxpresso_4.2.4_267/lpcxpresso/Tools/bin/../lib/gcc/arm-none-eabi/4.6.2/../../../../arm-none-eabi/lib/armv6-m/libcr_c.a(remove.o)
 .ARM.attributes
                0x000000000000062d       0x33 /Applications/lpcxpresso_4.2.4_267/lpcxpresso/Tools/bin/../lib/gcc/arm-none-eabi/4.6.2/../../../../arm-none-eabi/lib/armv6-m/libcr_c.a(strlen.o)
 .ARM.attributes
                0x0000000000000660       0x33 /Applications/lpcxpresso_4.2.4_267/lpcxpresso/Tools/bin/../lib/gcc/arm-none-eabi/4.6.2/../../../../arm-none-eabi/lib/armv6-m/libcr_c.a(memcpy.o)
 .ARM.attributes
                0x0000000000000693       0x33 /Applications/lpcxpresso_4.2.4_267/lpcxpresso/Tools/bin/../lib/gcc/arm-none-eabi/4.6.2/../../../../arm-none-eabi/lib/armv6-m/libcr_c.a(__init_alloc.o)
 .ARM.attributes
                0x00000000000006c6       0x33 /Applications/lpcxpresso_4.2.4_267/lpcxpresso/Tools/bin/../lib/gcc/arm-none-eabi/4.6.2/../../../../arm-none-eabi/lib/armv6-m/libcr_c.a(_do_fflush.o)
 .ARM.attributes
                0x00000000000006f9       0x33 /Applications/lpcxpresso_4.2.4_267/lpcxpresso/Tools/bin/../lib/gcc/arm-none-eabi/4.6.2/../../../../arm-none-eabi/lib/armv6-m/libcr_c.a(errno.o)
 .ARM.attributes
                0x000000000000072c       0x23 /Applications/lpcxpresso_4.2.4_267/lpcxpresso/Tools/bin/../lib/gcc/arm-none-eabi/4.6.2/armv6-m/libcr_eabihelpers.a(division.o)
 .ARM.attributes
                0x000000000000074f       0x23 /Applications/lpcxpresso_4.2.4_267/lpcxpresso/Tools/bin/../lib/gcc/arm-none-eabi/4.6.2/armv6-m/libcr_eabihelpers.a(memcpy.o)

.debug_frame    0x0000000000000000      0xad8
 .debug_frame   0x0000000000000000      0x118 ./cr_startup_lpc11.o
 .debug_frame   0x0000000000000118       0xd0 ./main.o
 .debug_frame   0x00000000000001e8       0xf0 ./radio/hal.o
 .debug_frame   0x00000000000002d8      0x32c ./radio/radio.o
 .debug_frame   0x0000000000000604      0x14c ./drivers/gpio.o
 .debug_frame   0x0000000000000750      0x110 ./drivers/ssp.o
 .debug_frame   0x0000000000000860      0x168 ./drivers/timer16.o
 .debug_frame   0x00000000000009c8       0xcc ./drivers/uart.o
 .debug_frame   0x0000000000000a94       0x44 /Users/egnoske/CMD Projects/work/sniffer/CMSISv2p00_LPC11xx/Debug/libCMSISv2p00_LPC11xx.a(system_LPC11xx.o)
